=== refresh run: 2026-10-05 18:30:00.638416 ===
repo=/Users/admin/refresh-metadata/refresh-metadata-tool
python=/Library/Developer/CommandLineTools/usr/bin/python3 (3.9.6)
args=<full pipeline>

══════════════════════════════════════════════════
  BscScan Metadata Workflow
══════════════════════════════════════════════════

── Step 1: Update tokens.csv from Google Sheet ─────

  ▸ Fetch shared token sheet (CSV export)
  ✓ Pulled 16 token ids from sheet 1OgtsuOP2eKQays_mWAzVK2eRoQKP1QYVRsquGOafH7w (gid=0)

── Run inputs ──────────────────────────
  Tokens in CSV      16

── Step 2: Ensure starting crawl cookie (account 1) 
  Account pool       refresh1
  ✓ Cookies still valid today: refresh1

── Step 3: Reset compare output files ──────────────
  ✓ Progress reset: progress.json
  ✓ Report reset:   report.json

── Step 4: Crawl — compare BscScan vs on-chain metadata 

  ▸ crawl/compare.py
/Users/admin/Library/Python/3.9/lib/python/site-packages/urllib3/__init__.py:35: NotOpenSSLWarning: urllib3 v2 only supports OpenSSL 1.1.1+, currently the 'ssl' module is compiled with 'LibreSSL 2.8.3'. See: https://github.com/urllib3/urllib3/issues/3020
  warnings.warn(

══════════════════════════════════════════════════
  Crawl — BscScan vs on-chain metadata
══════════════════════════════════════════════════
  Account pool       refresh1, refresh2, refresh3, refresh4, refresh5, refresh6, refresh7, refresh8, refresh9, refresh10, refresh11, refresh12, refresh13, refresh14, refresh15, refresh16, refresh17, refresh18, refresh19, refresh20
  Active account     refresh1

── Run config ──────────────────────────
  Total tokens       16
  Already done       0
  Remaining          16
  Concurrency        50
  RPC                https://bsc-dataseed.binance.org
    ⚠ …3457753206  metadata retry 1/2: [Errno 60] Operation timed out
    ⚠ …8328718111  bscscan retry 1/2: The read operation timed out
  ⚠ …4917290638  out_of_sync (4 diffs)
  ⚠ …2218227578  out_of_sync (5 diffs)
  ⚠ …8690875374  out_of_sync (4 diffs)
  ⚠ …5276574146  out_of_sync (3 diffs)
  ⚠ …0010580494  out_of_sync (5 diffs)
  ⚠ …3931144892  out_of_sync (4 diffs)
  ⚠ …4613297956  out_of_sync (5 diffs)
  ⚠ …3457753206  out_of_sync (3 diffs)
  ⚠ …5172176344  out_of_sync (3 diffs)
  ⚠ …3014351086  out_of_sync (4 diffs)
  ⚠ …8493689073  out_of_sync (3 diffs)
  ⚠ …7357294377  out_of_sync (4 diffs)
  ✓ …1739692885  in_sync
  ✓ …8328718111  in_sync
  ✓ …5671926722  in_sync
  ⚠ …9277274209  out_of_sync (5 diffs)
  · Batch done — 16/16 tokens

── Crawl results ───────────────────────
  in_sync            3
  out_of_sync        13
  errors             0
  Progress file      progress.json
  Report file        report.json
  Report contents    13 out_of_sync, 0 errors

── Step 5: Refresh out-of-sync + crawl-error tokens (Selenium) 
  Out-of-sync        13
  To refresh         13
  Accounts needed    1
  Account pool       refresh1,refresh2,refresh3,refresh4,refresh5,refresh6,refresh7,refresh8,refresh9,refresh10,refresh11,refresh12,refresh13,refresh14,refresh15,refresh16,refresh17,refresh18,refresh19,refresh20

  ▸ refresh-metadata/refresh.py
/Users/admin/Library/Python/3.9/lib/python/site-packages/urllib3/__init__.py:35: NotOpenSSLWarning: urllib3 v2 only supports OpenSSL 1.1.1+, currently the 'ssl' module is compiled with 'LibreSSL 2.8.3'. See: https://github.com/urllib3/urllib3/issues/3020
  warnings.warn(

══════════════════════════════════════════════════
  Refresh — Selenium
══════════════════════════════════════════════════

── Run config ──────────────────────────
  Source             report.json
  Out-of-sync        13
  Tokens             13
  Limit per account  100 tokens
  Delay              5.0s between tokens
  Retry passes       1
  Account pool       refresh1, refresh2, refresh3, refresh4, refresh5, refresh6, refresh7, refresh8, refresh9, refresh10, refresh11, refresh12, refresh13, refresh14, refresh15, refresh16, refresh17, refresh18, refresh19, refresh20
  Active account     refresh1

── Refresh quota (today) ───────────────
  refresh1           25/100 left (used 75, since 2026-10-05T05:10:40Z)
  refresh2           100/100 left (used 0, since not started)
  refresh3           100/100 left (used 0, since not started)
  refresh4           100/100 left (used 0, since not started)
  refresh5           100/100 left (used 0, since not started)
  refresh6           100/100 left (used 0, since not started)
  refresh7           100/100 left (used 0, since not started)
  refresh8           100/100 left (used 0, since not started)
  refresh9           100/100 left (used 0, since not started)
  refresh10          100/100 left (used 0, since not started)
  refresh11          100/100 left (used 0, since not started)
  refresh12          100/100 left (used 0, since not started)
  refresh13          100/100 left (used 0, since not started)
  refresh14          100/100 left (used 0, since not started)
  refresh15          100/100 left (used 0, since not started)
  refresh16          100/100 left (used 0, since not started)
  refresh17          100/100 left (used 0, since not started)
  refresh18          100/100 left (used 0, since not started)
  refresh19          100/100 left (used 0, since not started)
  refresh20          100/100 left (used 0, since not started)
  · Reusing today's session  refresh1  (25/100 left, started 2026-10-05T05:10:40Z)
  · Chrome profile  /Users/admin/.refresh/chrome-bscscan/profiles/refresh1  (Default)
  · Chrome version_main  154
  · Chrome started  (1.4s, cached chromedriver)
  · Trying saved cookies for refresh1 before Selenium login
  ✓ Logged in via saved cookies  refresh1
  · Step 2/3  Open first token NFT page  …4917290638
  ·            https://bscscan.com/nft/0xF8646A3Ca093e97Bb404c3b25e675C0394DD5b30/59772900440095068660728591210975874984221038307703094417254918983264917290638
  ✓ NFT page loaded  …4917290638
  ✓ Session ready  refresh1  (25/100 left, started 2026-10-05T05:10:40Z)
  · Refreshing …4917290638  (1/13)  (account: refresh1)
    · BscScan says: We've queued this item for an update, please check back later.
  ✓ …4917290638  refresh clicked  (8.3s)
  Quota              24/100 remaining for refresh1
  · Refreshing …2218227578  (2/13)  (account: refresh1)
    · BscScan says: We've queued this item for an update, please check back later.
  ✓ …2218227578  refresh clicked  (8.1s)
  Quota              23/100 remaining for refresh1
  · Refreshing …8690875374  (3/13)  (account: refresh1)
    · BscScan says: We've queued this item for an update, please check back later.
  ✓ …8690875374  refresh clicked  (8.1s)
  Quota              22/100 remaining for refresh1
  · Refreshing …5276574146  (4/13)  (account: refresh1)
    · BscScan says: We've queued this item for an update, please check back later.
  ✓ …5276574146  refresh clicked  (8.1s)
  Quota              21/100 remaining for refresh1
  · Refreshing …0010580494  (5/13)  (account: refresh1)
    · BscScan says: We've queued this item for an update, please check back later.
  ✓ …0010580494  refresh clicked  (8.3s)
  Quota              20/100 remaining for refresh1
  · Refreshing …3931144892  (6/13)  (account: refresh1)
    · BscScan says: We've queued this item for an update, please check back later.
  ✓ …3931144892  refresh clicked  (8.1s)
  Quota              19/100 remaining for refresh1
  · Refreshing …4613297956  (7/13)  (account: refresh1)
    · BscScan says: We've queued this item for an update, please check back later.
  ✓ …4613297956  refresh clicked  (8.2s)
  Quota              18/100 remaining for refresh1
  · Refreshing …3457753206  (8/13)  (account: refresh1)
    · BscScan says: We've queued this item for an update, please check back later.
  ✓ …3457753206  refresh clicked  (8.5s)
  Quota              17/100 remaining for refresh1
  · Refreshing …5172176344  (9/13)  (account: refresh1)
    · BscScan says: We've queued this item for an update, please check back later.
  ✓ …5172176344  refresh clicked  (8.4s)
  Quota              16/100 remaining for refresh1
  · Refreshing …3014351086  (10/13)  (account: refresh1)
    · BscScan says: We've queued this item for an update, please check back later.
  ✓ …3014351086  refresh clicked  (8.3s)
  Quota              15/100 remaining for refresh1
  · Refreshing …8493689073  (11/13)  (account: refresh1)
    · BscScan says: We've queued this item for an update, please check back later.
  ✓ …8493689073  refresh clicked  (8.4s)
  Quota              14/100 remaining for refresh1
  · Refreshing …7357294377  (12/13)  (account: refresh1)
    · BscScan says: We've queued this item for an update, please check back later.
  ✓ …7357294377  refresh clicked  (8.8s)
  Quota              13/100 remaining for refresh1
  · Refreshing …9277274209  (13/13)  (account: refresh1)
    · BscScan says: We've queued this item for an update, please check back later.
  ✓ …9277274209  refresh clicked  (8.0s)
  Quota              12/100 remaining for refresh1

── Refresh results ─────────────────────
  Succeeded          13
  Failed             0
  Not attempted      0
  Total              13

══════════════════════════════════════════════════
  Workflow complete
══════════════════════════════════════════════════
=== exit 0 at 2026-10-05 18:33:39.688634 ===
