=== refresh run: 2026-09-09 19:13:09.389802 ===
repo=/Users/admin/refresh-metadata/refresh-metadata-tool
python=/Library/Developer/CommandLineTools/usr/bin/python3 (3.9.6)
args=<full pipeline>

══════════════════════════════════════════════════
  BscScan Metadata Workflow
══════════════════════════════════════════════════

── Step 1: Update tokens.csv from Google Sheet ─────

  ▸ Fetch shared token sheet (CSV export)
  ✓ Pulled 230 token ids from sheet 1OgtsuOP2eKQays_mWAzVK2eRoQKP1QYVRsquGOafH7w (gid=0)

── Run inputs ──────────────────────────
  Tokens in CSV      230

── Step 2: Ensure starting crawl cookie (account 1) 
  Account pool       refresh1
  · Re-logging in 1 account(s) via Selenium (steps 1→2→3)
  · First tokenId  100856110441161436786950239498644820491042339031343429554372120938562005791435  (from tokens.csv)
  · [1/1] refresh1
  · Chrome profile  /Users/admin/.refresh/chrome-bscscan/profiles/refresh1  (Default)
  · Chrome version_main  152
  · Chrome started  (1.5s, cached chromedriver)
  · Step 1/3  Selenium login  refresh1
  · Login attempt 1/5  refresh1
  · Login page open  https://bscscan.com/login
  ✓ Filled username/password for refresh1
  · Waiting for Turnstile (complete captcha in browser if shown)...
  ⚠ Turnstile not detected within 120s
  · Login attempt 2/5  refresh1
  · Login page open  https://bscscan.com/login
  ✓ Filled username/password for refresh1
  · Waiting for Turnstile (complete captcha in browser if shown)...
  ✓ Turnstile completed (8.1s)
  · Clicking LOGIN...
  ✓ Logged in as refresh1
  ✓ Login successful  refresh1  (27.9s)
  · Step 2/3  Open first token NFT page  …2005791435
  ·            https://bscscan.com/nft/0xF8646A3Ca093e97Bb404c3b25e675C0394DD5b30/100856110441161436786950239498644820491042339031343429554372120938562005791435
  ⚠ Cleaned up 8 stale Chrome process(es)
Traceback (most recent call last):
  File "/Users/admin/refresh-metadata/refresh-metadata-tool/run_workflow.py", line 201, in <module>
    main()
  File "/Users/admin/refresh-metadata/refresh-metadata-tool/run_workflow.py", line 149, in main
    ensure_cookies(1)
  File "/Users/admin/refresh-metadata/refresh-metadata-tool/run_workflow.py", line 105, in ensure_cookies
    login.capture_account(pool, username, creds["password"], token_id, driver=None)
  File "/Users/admin/refresh-metadata/refresh-metadata-tool/accounts/login.py", line 939, in capture_account
    visit_nft_page(driver, token_id)
  File "/Users/admin/refresh-metadata/refresh-metadata-tool/accounts/login.py", line 895, in visit_nft_page
    if not nft_page_ready(driver):
  File "/Users/admin/refresh-metadata/refresh-metadata-tool/accounts/login.py", line 863, in nft_page_ready
    html = driver.page_source if page is None else page
  File "/Users/admin/Library/Python/3.9/lib/python/site-packages/undetected_chromedriver/__init__.py", line 806, in __getattribute__
    return super().__getattribute__(item)
  File "/Users/admin/Library/Python/3.9/lib/python/site-packages/selenium/webdriver/remote/webdriver.py", line 597, in page_source
    return self.execute(Command.GET_PAGE_SOURCE)["value"]
  File "/Users/admin/Library/Python/3.9/lib/python/site-packages/selenium/webdriver/remote/webdriver.py", line 458, in execute
    self.error_handler.check_response(response)
  File "/Users/admin/Library/Python/3.9/lib/python/site-packages/selenium/webdriver/remote/errorhandler.py", line 232, in check_response
    raise exception_class(message, screen, stacktrace)
selenium.common.exceptions.InvalidSessionIdException: Message: invalid session id; For documentation on this error, please visit: https://www.selenium.dev/documentation/webdriver/troubleshooting/errors#invalidsessionidexception
Stacktrace:
0   undetected_chromedriver             0x0000000100e9651a undetected_chromedriver + 4093210
1   undetected_chromedriver             0x0000000100b1cda0 undetected_chromedriver + 449952
2   undetected_chromedriver             0x0000000100b64b8d undetected_chromedriver + 744333
3   undetected_chromedriver             0x0000000100b97346 undetected_chromedriver + 951110
4   undetected_chromedriver             0x0000000100b92134 undetected_chromedriver + 930100
5   undetected_chromedriver             0x0000000100b91937 undetected_chromedriver + 928055
6   undetected_chromedriver             0x0000000100ae858b undetected_chromedriver + 234891
7   undetected_chromedriver             0x0000000100ae8af4 undetected_chromedriver + 236276
8   undetected_chromedriver             0x0000000100ae8fef undetected_chromedriver + 237551
9   undetected_chromedriver             0x0000000100e61848 undetected_chromedriver + 3876936
10  undetected_chromedriver             0x0000000100e653b6 undetected_chromedriver + 3892150
11  undetected_chromedriver             0x0000000100e45afe undetected_chromedriver + 3762942
12  undetected_chromedriver             0x0000000100e65ee2 undetected_chromedriver + 3895010
13  undetected_chromedriver             0x0000000100e38770 undetected_chromedriver + 3708784
14  undetected_chromedriver             0x0000000100ae6c18 undetected_chromedriver + 228376
15  dyld                                0x00007ff8116b4530 start + 3056

=== exit 1 at 2026-09-09 19:25:12.621589 ===
