=== refresh daily run: Fri Aug 21 18:30:04 HKT 2026 ===
repo=/Users/admin/refresh-metadata/refresh-metadata-tool
python=/usr/bin/python3 (Python 3.9.6)
args=<full pipeline>
/Users/admin/Library/Python/3.9/lib/python/site-packages/urllib3/__init__.py:35: NotOpenSSLWarning: urllib3 v2 only supports OpenSSL 1.1.1+, currently the 'ssl' module is compiled with 'LibreSSL 2.8.3'. See: https://github.com/urllib3/urllib3/issues/3020
  warnings.warn(

══════════════════════════════════════════════════
  BscScan Metadata Workflow
══════════════════════════════════════════════════

── Step 1: Update tokens.csv from Google Sheet ─────

  ▸ Fetch shared token sheet (CSV export)
  ✓ Pulled 31 token ids from sheet 1OgtsuOP2eKQays_mWAzVK2eRoQKP1QYVRsquGOafH7w (gid=0)

── Run inputs ──────────────────────────
  Tokens in CSV      31

── Step 2: Ensure starting crawl cookie (account 1) 
  Account pool       refresh1
  · Re-logging in 1 account(s) via Selenium (steps 1→2→3)
  · First tokenId  95389984930029686144541526504968048127196485666695252292926271212270741649871  (from tokens.csv)
  · [1/1] refresh1
  · Chrome profile  /Users/admin/.refresh/chrome-bscscan/profiles/refresh1  (Default)
  · Chrome version_main  151
  · Step 1/3  Selenium login  refresh1
  · Login attempt 1/5  refresh1
  · Login page open  https://bscscan.com/login
  ✓ Filled username/password for refresh1
  · Waiting for Turnstile (complete captcha in browser if shown)...
  ✓ Turnstile completed
  · Clicking LOGIN...
  ✓ Logged in as refresh1
  ✓ Login successful  refresh1
  · Step 2/3  Open first token NFT page  …0741649871
  ·            https://bscscan.com/nft/0xF8646A3Ca093e97Bb404c3b25e675C0394DD5b30/95389984930029686144541526504968048127196485666695252292926271212270741649871
  ✓ NFT page loaded  …0741649871
  · Step 3/3  Capture cookie + userAgent  refresh1
  ✓ Captured  10 cookies  cf_clearance=True  session=True
  ✓ Saved to account state  refresh1

── Step 3: Reset compare output files ──────────────
  ✓ Progress reset: progress.json
  ✓ Report reset:   report.json

── Step 4: Crawl — compare BscScan vs on-chain metadata 

  ▸ crawl/compare.py
/Users/admin/Library/Python/3.9/lib/python/site-packages/urllib3/__init__.py:35: NotOpenSSLWarning: urllib3 v2 only supports OpenSSL 1.1.1+, currently the 'ssl' module is compiled with 'LibreSSL 2.8.3'. See: https://github.com/urllib3/urllib3/issues/3020
  warnings.warn(

══════════════════════════════════════════════════
  Crawl — BscScan vs on-chain metadata
══════════════════════════════════════════════════
  Account pool       refresh1, refresh2, refresh3, refresh4, refresh5, refresh6, refresh7, refresh8, refresh9, refresh10, refresh11, refresh12, refresh13, refresh14, refresh15, refresh16, refresh17, refresh18, refresh19, refresh20
  Active account     refresh1

── Run config ──────────────────────────
  Total tokens       31
  Already done       0
  Remaining          31
  Concurrency        10
  RPC                https://bsc-dataseed.binance.org
  ✗ …0741649871  BSCScan page missing properties (throttled?)
  ✗ …6820869854  HTTP Error 429: Too Many Requests
  ✗ …6035163515  BSCScan page missing properties (throttled?)
  ✗ …9915720927  BSCScan page missing properties (throttled?)
  ✗ …3865546419  HTTP Error 429: Too Many Requests
  ✗ …3171180222  BSCScan page missing properties (throttled?)
  ✗ …2906210673  BSCScan page missing properties (throttled?)
  ✗ …6504614930  HTTP Error 429: Too Many Requests
  ✗ …4016829077  BSCScan page missing properties (throttled?)
  ✗ …7819743113  HTTP Error 429: Too Many Requests
  · Batch done — 10/31 tokens
  ✗ …5201062546  HTTP Error 429: Too Many Requests
  ✗ …9431170288  HTTP Error 429: Too Many Requests
  ✗ …0830783487  HTTP Error 429: Too Many Requests
  ✗ …9114292564  HTTP Error 429: Too Many Requests
  ✗ …1424322466  HTTP Error 429: Too Many Requests
  ✗ …6644432514  HTTP Error 429: Too Many Requests
  ✗ …7299701477  HTTP Error 429: Too Many Requests
  ✗ …8916616911  HTTP Error 429: Too Many Requests
  ✗ …1879584584  HTTP Error 429: Too Many Requests
  ✗ …2432910635  HTTP Error 429: Too Many Requests
  · Batch done — 20/31 tokens
  ✗ …8203989006  HTTP Error 429: Too Many Requests
  ✗ …6703678579  HTTP Error 429: Too Many Requests
  ✗ …9271053128  HTTP Error 429: Too Many Requests
  ✗ …6973777876  HTTP Error 429: Too Many Requests
  ✗ …7666516245  HTTP Error 429: Too Many Requests
  ✗ …1346603060  HTTP Error 429: Too Many Requests
  ✗ …6288204781  HTTP Error 429: Too Many Requests
  ✗ …9552920307  HTTP Error 429: Too Many Requests
  ✗ …7480762416  HTTP Error 429: Too Many Requests
  ✗ …6115140673  HTTP Error 429: Too Many Requests
  · Batch done — 30/31 tokens
  ✗ …1324786322  HTTP Error 429: Too Many Requests
  · Batch done — 31/31 tokens

── Crawl results ───────────────────────
  in_sync            0
  out_of_sync        0
  errors             31
  Progress file      progress.json
  Report file        report.json
  Report contents    0 out_of_sync, 31 errors

── Step 5: Refresh out-of-sync + crawl-error tokens (Selenium) 
  Out-of-sync        0
  Crawl errors       31
  To refresh         31
  Accounts needed    1
  Account pool       refresh1,refresh2,refresh3,refresh4,refresh5,refresh6,refresh7,refresh8,refresh9,refresh10,refresh11,refresh12,refresh13,refresh14,refresh15,refresh16,refresh17,refresh18,refresh19,refresh20

  ▸ refresh-metadata/refresh.py
/Users/admin/Library/Python/3.9/lib/python/site-packages/urllib3/__init__.py:35: NotOpenSSLWarning: urllib3 v2 only supports OpenSSL 1.1.1+, currently the 'ssl' module is compiled with 'LibreSSL 2.8.3'. See: https://github.com/urllib3/urllib3/issues/3020
  warnings.warn(

══════════════════════════════════════════════════
  Refresh — Selenium
══════════════════════════════════════════════════

── Run config ──────────────────────────
  Source             report.json
  Out-of-sync        0
  Crawl errors       31
  Tokens             31
  Limit per account  100 tokens
  Delay              5.0s between tokens
  Account pool       refresh1, refresh2, refresh3, refresh4, refresh5, refresh6, refresh7, refresh8, refresh9, refresh10, refresh11, refresh12, refresh13, refresh14, refresh15, refresh16, refresh17, refresh18, refresh19, refresh20
  Active account     refresh1

── Refresh quota (today) ───────────────
  refresh1           100/100 left (used 0, since not started)
  refresh2           100/100 left (used 0, since not started)
  refresh3           100/100 left (used 0, since not started)
  refresh4           100/100 left (used 0, since not started)
  refresh5           100/100 left (used 0, since not started)
  refresh6           100/100 left (used 0, since not started)
  refresh7           100/100 left (used 0, since not started)
  refresh8           100/100 left (used 0, since not started)
  refresh9           100/100 left (used 0, since not started)
  refresh10          100/100 left (used 0, since not started)
  refresh11          100/100 left (used 0, since not started)
  refresh12          100/100 left (used 0, since not started)
  refresh13          100/100 left (used 0, since not started)
  refresh14          100/100 left (used 0, since not started)
  refresh15          100/100 left (used 0, since not started)
  refresh16          100/100 left (used 0, since not started)
  refresh17          100/100 left (used 0, since not started)
  refresh18          100/100 left (used 0, since not started)
  refresh19          100/100 left (used 0, since not started)
  refresh20          100/100 left (used 0, since not started)
  · Chrome profile  /Users/admin/.refresh/chrome-bscscan/profiles/refresh1  (Default)
  · Chrome version_main  151
  · Checking Chrome profile session for refresh1
  ⚠ Saved session unavailable for refresh1 — full login required
  · Logging in  refresh1
  · Step 1/3  Selenium login  refresh1
  · Login attempt 1/5  refresh1
  · Login page open  https://bscscan.com/login
  ✓ Filled username/password for refresh1
  · Waiting for Turnstile (complete captcha in browser if shown)...
  ✓ Turnstile completed
  · Clicking LOGIN...
  ✓ Logged in as refresh1
  ✓ Login successful  refresh1
  · Step 2/3  Open first token NFT page  …0741649871
  ·            https://bscscan.com/nft/0xF8646A3Ca093e97Bb404c3b25e675C0394DD5b30/95389984930029686144541526504968048127196485666695252292926271212270741649871
  ✓ NFT page loaded  …0741649871
  ✓ Session ready  refresh1  (100/100 left, started 2026-08-21T10:32:50Z)
  · Refreshing …0741649871  (1/31)  (account: refresh1)
  ✓ …0741649871  refresh clicked
  Quota              99/100 remaining for refresh1
  · Refreshing …6820869854  (2/31)  (account: refresh1)
  ✓ …6820869854  refresh clicked
  Quota              98/100 remaining for refresh1
  · Refreshing …6035163515  (3/31)  (account: refresh1)
  ✓ …6035163515  refresh clicked
  Quota              97/100 remaining for refresh1
  · Refreshing …9915720927  (4/31)  (account: refresh1)
  ✓ …9915720927  refresh clicked
  Quota              96/100 remaining for refresh1
  · Refreshing …3865546419  (5/31)  (account: refresh1)
  ✓ …3865546419  refresh clicked
  Quota              95/100 remaining for refresh1
  · Refreshing …3171180222  (6/31)  (account: refresh1)
  ✓ …3171180222  refresh clicked
  Quota              94/100 remaining for refresh1
  · Refreshing …2906210673  (7/31)  (account: refresh1)
  ✓ …2906210673  refresh clicked
  Quota              93/100 remaining for refresh1
  · Refreshing …6504614930  (8/31)  (account: refresh1)
  ✓ …6504614930  refresh clicked
  Quota              92/100 remaining for refresh1
  · Refreshing …4016829077  (9/31)  (account: refresh1)
  ✓ …4016829077  refresh clicked
  Quota              91/100 remaining for refresh1
  · Refreshing …7819743113  (10/31)  (account: refresh1)
  ✓ …7819743113  refresh clicked
  Quota              90/100 remaining for refresh1
  · Refreshing …5201062546  (11/31)  (account: refresh1)
  ✓ …5201062546  refresh clicked
  Quota              89/100 remaining for refresh1
  · Refreshing …9431170288  (12/31)  (account: refresh1)
  ✓ …9431170288  refresh clicked
  Quota              88/100 remaining for refresh1
  · Refreshing …0830783487  (13/31)  (account: refresh1)
  ✓ …0830783487  refresh clicked
  Quota              87/100 remaining for refresh1
  · Refreshing …9114292564  (14/31)  (account: refresh1)
  ✓ …9114292564  refresh clicked
  Quota              86/100 remaining for refresh1
  · Refreshing …1424322466  (15/31)  (account: refresh1)
  ✓ …1424322466  refresh clicked
  Quota              85/100 remaining for refresh1
  · Refreshing …6644432514  (16/31)  (account: refresh1)
  ✓ …6644432514  refresh clicked
  Quota              84/100 remaining for refresh1
  · Refreshing …7299701477  (17/31)  (account: refresh1)
  ✓ …7299701477  refresh clicked
  Quota              83/100 remaining for refresh1
  · Refreshing …8916616911  (18/31)  (account: refresh1)
  ✓ …8916616911  refresh clicked
  Quota              82/100 remaining for refresh1
  · Refreshing …1879584584  (19/31)  (account: refresh1)
  ⚠ Page load timed out — stopping load and continuing
  ⚠ Browser error (ReadTimeoutError) — restarting Chrome (1/2)
  ⚠ Cleaned up 7 stale Chrome process(es)
  · Chrome profile  /Users/admin/.refresh/chrome-bscscan/profiles/refresh1  (Default)
  · Chrome version_main  151
  · Checking Chrome profile session for refresh1
  · Trying saved cookies for refresh1 before Selenium login
  ⚠ Could not verify logged-in username (expected refresh1)
  ⚠ Saved cookies did not restore session for refresh1
  ⚠ Saved session unavailable for refresh1 — full login required
  · Logging in  refresh1
  · Step 1/3  Selenium login  refresh1
  · Login attempt 1/5  refresh1
  · Login page open  https://bscscan.com/login
  ✓ Filled username/password for refresh1
  · Waiting for Turnstile (complete captcha in browser if shown)...
  ✓ Turnstile completed
  · Clicking LOGIN...
  ✓ Logged in as refresh1
  ✓ Login successful  refresh1
  · Step 2/3  Open first token NFT page  …1879584584
  ·            https://bscscan.com/nft/0xF8646A3Ca093e97Bb404c3b25e675C0394DD5b30/37189162835408700560824311381822902097441536525077785639241109445051879584584
  ✓ NFT page loaded  …1879584584
  ✓ Session ready  refresh1  (82/100 left, started 2026-08-21T10:32:50Z)
  ✓ …1879584584  refresh clicked
  Quota              81/100 remaining for refresh1
  · Proactive browser restart after 19 tokens
  · Chrome profile  /Users/admin/.refresh/chrome-bscscan/profiles/refresh1  (Default)
  · Chrome version_main  151
  · Checking Chrome profile session for refresh1
  · Trying saved cookies for refresh1 before Selenium login
  ⚠ Could not verify logged-in username (expected refresh1)
  ⚠ Saved cookies did not restore session for refresh1
  ⚠ Saved session unavailable for refresh1 — full login required
  · Logging in  refresh1
  · Step 1/3  Selenium login  refresh1
  · Login attempt 1/5  refresh1
  · Login page open  https://bscscan.com/login
  ✓ Filled username/password for refresh1
  · Waiting for Turnstile (complete captcha in browser if shown)...
  ✓ Turnstile completed
  · Clicking LOGIN...
  ✓ Logged in as refresh1
  ✓ Login successful  refresh1
  · Step 2/3  Open first token NFT page  …2432910635
  ·            https://bscscan.com/nft/0xF8646A3Ca093e97Bb404c3b25e675C0394DD5b30/40900849167997705249987010938116291878951588635840773523573682267802432910635
Traceback (most recent call last):
  File "/Users/admin/refresh-metadata/refresh-metadata-tool/refresh-metadata/refresh.py", line 785, in <module>
    main()
  File "/Users/admin/refresh-metadata/refresh-metadata-tool/refresh-metadata/refresh.py", line 763, in main
    wait = recover_browser_session(tokens[index + 1])
  File "/Users/admin/refresh-metadata/refresh-metadata-tool/refresh-metadata/refresh.py", line 322, in recover_browser_session
    return restore_browser_session(browser, username, token_id=token_id)
  File "/Users/admin/refresh-metadata/refresh-metadata-tool/refresh-metadata/refresh.py", line 313, in restore_browser_session
    login_active_account(token_id=token_id)
  File "/Users/admin/refresh-metadata/refresh-metadata-tool/refresh-metadata/refresh.py", line 418, in login_active_account
    login.visit_nft_page(browser, token_id)
  File "/Users/admin/refresh-metadata/refresh-metadata-tool/accounts/login.py", line 720, in visit_nft_page
    raise RuntimeError(
RuntimeError: NFT page did not load (Cloudflare or not logged in).
  URL: https://bscscan.com/nft/0xF8646A3Ca093e97Bb404c3b25e675C0394DD5b30/40900849167997705249987010938116291878951588635840773523573682267802432910635
Traceback (most recent call last):
  File "/Users/admin/refresh-metadata/refresh-metadata-tool/run_workflow.py", line 193, in <module>
    main()
  File "/Users/admin/refresh-metadata/refresh-metadata-tool/run_workflow.py", line 187, in main
    run_phase("refresh-metadata/refresh.py", [sys.executable, "refresh-metadata/refresh.py"], env=refresh_env)
  File "/Users/admin/refresh-metadata/refresh-metadata-tool/run_workflow.py", line 45, in run_phase
    subprocess.run(cmd, cwd=SCRIPT_DIR, env=merged, check=True)
  File "/Library/Developer/CommandLineTools/Library/Frameworks/Python3.framework/Versions/3.9/lib/python3.9/subprocess.py", line 528, in run
    raise CalledProcessError(retcode, process.args,
subprocess.CalledProcessError: Command '['/Library/Developer/CommandLineTools/usr/bin/python3', 'refresh-metadata/refresh.py']' returned non-zero exit status 1.
=== exit 1 at Fri Aug 21 18:42:27 HKT 2026 ===
=== git push log: Fri Aug 21 18:42:27 HKT 2026 ===
