=== refresh daily run: Sat Aug  8 18:30:04 HKT 2026 ===
repo=/Users/admin/refresh-metadata/refresh-metadata-tool
python=/usr/bin/python3 (Python 3.9.6)
args=<full pipeline>
/Users/admin/Library/Python/3.9/lib/python/site-packages/urllib3/__init__.py:35: NotOpenSSLWarning: urllib3 v2 only supports OpenSSL 1.1.1+, currently the 'ssl' module is compiled with 'LibreSSL 2.8.3'. See: https://github.com/urllib3/urllib3/issues/3020
  warnings.warn(

══════════════════════════════════════════════════
  BscScan Metadata Workflow
══════════════════════════════════════════════════

── Step 1: Update tokens.csv from Google Sheet ─────

  ▸ Fetch shared token sheet (CSV export)
  ✓ Pulled 12 token ids from sheet 1OgtsuOP2eKQays_mWAzVK2eRoQKP1QYVRsquGOafH7w (gid=0)

── Run inputs ──────────────────────────
  Tokens in CSV      12

── Step 2: Ensure starting crawl cookie (account 1) 
  Account pool       refresh1
  · Re-logging in 1 account(s) via Selenium (steps 1→2→3)
  · First tokenId  111343349753608781174188652561212546969535822427344256912535089573838938079957  (from tokens.csv)
  · [1/1] refresh1
  · Chrome profile  /Users/admin/.refresh/chrome-bscscan/profiles/refresh1  (Default)
  · Chrome version_main  151
  · Step 1/3  Selenium login  refresh1
  · Login attempt 1/5  refresh1
  · Login page open  https://bscscan.com/login
  ✓ Filled username/password for refresh1
  · Waiting for Turnstile (complete captcha in browser if shown)...
  ✓ Turnstile completed
  · Clicking LOGIN...
  ✓ Logged in as refresh1
  ✓ Login successful  refresh1
  · Step 2/3  Open first token NFT page  …8938079957
  ·            https://bscscan.com/nft/0xF8646A3Ca093e97Bb404c3b25e675C0394DD5b30/111343349753608781174188652561212546969535822427344256912535089573838938079957
  ✓ NFT page loaded  …8938079957
  · Step 3/3  Capture cookie + userAgent  refresh1
  ✓ Captured  10 cookies  cf_clearance=True  session=True
  ✓ Saved to account state  refresh1

── Step 3: Reset compare output files ──────────────
  ✓ Progress reset: progress.json
  ✓ Report reset:   report.json

── Step 4: Crawl — compare BscScan vs on-chain metadata 

  ▸ crawl/compare.py
/Users/admin/Library/Python/3.9/lib/python/site-packages/urllib3/__init__.py:35: NotOpenSSLWarning: urllib3 v2 only supports OpenSSL 1.1.1+, currently the 'ssl' module is compiled with 'LibreSSL 2.8.3'. See: https://github.com/urllib3/urllib3/issues/3020
  warnings.warn(

══════════════════════════════════════════════════
  Crawl — BscScan vs on-chain metadata
══════════════════════════════════════════════════
  Account pool       refresh1, refresh2, refresh3, refresh4, refresh5, refresh6, refresh7, refresh8, refresh9, refresh10, refresh11, refresh12, refresh13, refresh14, refresh15, refresh16, refresh17, refresh18, refresh19, refresh20
  Active account     refresh1

── Run config ──────────────────────────
  Total tokens       12
  Already done       0
  Remaining          12
  Concurrency        10
  RPC                https://bsc-dataseed.binance.org
  ✗ …8938079957  <urlopen error [Errno 60] Operation timed out>
  ⚠ …2701144773  out_of_sync (5 diffs)
  ⚠ …7876956561  out_of_sync (5 diffs)
  ⚠ …1133814406  out_of_sync (5 diffs)
  ✓ …8608391023  in_sync
  ⚠ …2216815099  out_of_sync (4 diffs)
  ✗ …9155332090  <urlopen error [Errno 60] Operation timed out>
  ✗ …2080928125  [Errno 60] Operation timed out
  ⚠ …5220519350  out_of_sync (5 diffs)
  ⚠ …0873302439  out_of_sync (5 diffs)
  · Batch done — 10/12 tokens
  ⚠ …8464475290  out_of_sync (5 diffs)
  ⚠ …3242717195  out_of_sync (5 diffs)
  · Batch done — 12/12 tokens

── Crawl results ───────────────────────
  in_sync            1
  out_of_sync        8
  errors             3
  Progress file      progress.json
  Report file        report.json
  Report contents    8 out_of_sync, 3 errors

── Step 5: Refresh out-of-sync + crawl-error tokens (Selenium) 
  Out-of-sync        8
  Crawl errors       3
  To refresh         11
  Accounts needed    1
  Account pool       refresh1,refresh2,refresh3,refresh4,refresh5,refresh6,refresh7,refresh8,refresh9,refresh10,refresh11,refresh12,refresh13,refresh14,refresh15,refresh16,refresh17,refresh18,refresh19,refresh20

  ▸ refresh-metadata/refresh.py
/Users/admin/Library/Python/3.9/lib/python/site-packages/urllib3/__init__.py:35: NotOpenSSLWarning: urllib3 v2 only supports OpenSSL 1.1.1+, currently the 'ssl' module is compiled with 'LibreSSL 2.8.3'. See: https://github.com/urllib3/urllib3/issues/3020
  warnings.warn(

══════════════════════════════════════════════════
  Refresh — Selenium
══════════════════════════════════════════════════

── Run config ──────────────────────────
  Source             report.json
  Out-of-sync        8
  Crawl errors       3
  Tokens             11
  Limit per account  100 tokens
  Delay              5.0s between tokens
  Account pool       refresh1, refresh2, refresh3, refresh4, refresh5, refresh6, refresh7, refresh8, refresh9, refresh10, refresh11, refresh12, refresh13, refresh14, refresh15, refresh16, refresh17, refresh18, refresh19, refresh20
  Active account     refresh1

── Refresh quota (today) ───────────────
  refresh1           100/100 left (used 0, since not started)
  refresh2           100/100 left (used 0, since not started)
  refresh3           100/100 left (used 0, since not started)
  refresh4           100/100 left (used 0, since not started)
  refresh5           100/100 left (used 0, since not started)
  refresh6           100/100 left (used 0, since not started)
  refresh7           100/100 left (used 0, since not started)
  refresh8           100/100 left (used 0, since not started)
  refresh9           100/100 left (used 0, since not started)
  refresh10          100/100 left (used 0, since not started)
  refresh11          100/100 left (used 0, since not started)
  refresh12          100/100 left (used 0, since not started)
  refresh13          100/100 left (used 0, since not started)
  refresh14          100/100 left (used 0, since not started)
  refresh15          100/100 left (used 0, since not started)
  refresh16          100/100 left (used 0, since not started)
  refresh17          100/100 left (used 0, since not started)
  refresh18          100/100 left (used 0, since not started)
  refresh19          100/100 left (used 0, since not started)
  refresh20          100/100 left (used 0, since not started)
  · Chrome profile  /Users/admin/.refresh/chrome-bscscan/profiles/refresh1  (Default)
  · Chrome version_main  151
  · Checking Chrome profile session for refresh1
  ⚠ Saved session unavailable for refresh1 — full login required
  · Logging in  refresh1
  · Step 1/3  Selenium login  refresh1
  · Login attempt 1/5  refresh1
  · Login page open  https://bscscan.com/login
  ✓ Filled username/password for refresh1
  · Waiting for Turnstile (complete captcha in browser if shown)...
  ✓ Turnstile completed
  · Clicking LOGIN...
  ✓ Logged in as refresh1
  ✓ Login successful  refresh1
  · Step 2/3  Open first token NFT page  …2701144773
  ·            https://bscscan.com/nft/0xF8646A3Ca093e97Bb404c3b25e675C0394DD5b30/50833040347493965853520059648745293907018472927559543433063488456822701144773
  ✓ NFT page loaded  …2701144773
  ✓ Session ready  refresh1  (100/100 left, started 2026-08-08T10:31:59Z)
  · Refreshing …2701144773  (1/11)  (account: refresh1)
  ✓ …2701144773  refresh clicked
  Quota              99/100 remaining for refresh1
  · Refreshing …7876956561  (2/11)  (account: refresh1)
  ✓ …7876956561  refresh clicked
  Quota              98/100 remaining for refresh1
  · Refreshing …1133814406  (3/11)  (account: refresh1)
  ✓ …1133814406  refresh clicked
  Quota              97/100 remaining for refresh1
  · Refreshing …2216815099  (4/11)  (account: refresh1)
  ✓ …2216815099  refresh clicked
  Quota              96/100 remaining for refresh1
  · Refreshing …5220519350  (5/11)  (account: refresh1)
  ✓ …5220519350  refresh clicked
  Quota              95/100 remaining for refresh1
  · Refreshing …0873302439  (6/11)  (account: refresh1)
  ✓ …0873302439  refresh clicked
  Quota              94/100 remaining for refresh1
  · Refreshing …8464475290  (7/11)  (account: refresh1)
  ✓ …8464475290  refresh clicked
  Quota              93/100 remaining for refresh1
  · Refreshing …3242717195  (8/11)  (account: refresh1)
  ✓ …3242717195  refresh clicked
  Quota              92/100 remaining for refresh1
  · Refreshing …8938079957  (9/11)  (account: refresh1)
  ✓ …8938079957  refresh clicked
  Quota              91/100 remaining for refresh1
  · Refreshing …9155332090  (10/11)  (account: refresh1)
  ✓ …9155332090  refresh clicked
  Quota              90/100 remaining for refresh1
  · Refreshing …2080928125  (11/11)  (account: refresh1)
  ✓ …2080928125  refresh clicked
  Quota              89/100 remaining for refresh1

── Refresh results ─────────────────────
  Succeeded          11
  Failed             0
  Total              11

══════════════════════════════════════════════════
  Workflow complete
══════════════════════════════════════════════════
=== exit 0 at Sat Aug  8 18:34:33 HKT 2026 ===
=== git push log: Sat Aug  8 18:34:33 HKT 2026 ===
