=== refresh daily run: Thu Jul 30 18:39:14 HKT 2026 ===
repo=/Users/admin/refresh-metadata/refresh-metadata-tool
python=/usr/bin/python3 (Python 3.9.6)
args=<full pipeline>
/Users/admin/Library/Python/3.9/lib/python/site-packages/urllib3/__init__.py:35: NotOpenSSLWarning: urllib3 v2 only supports OpenSSL 1.1.1+, currently the 'ssl' module is compiled with 'LibreSSL 2.8.3'. See: https://github.com/urllib3/urllib3/issues/3020
  warnings.warn(

══════════════════════════════════════════════════
  BscScan Metadata Workflow
══════════════════════════════════════════════════

── Step 1: Update tokens.csv from Google Sheet ─────

  ▸ Fetch shared token sheet (CSV export)
  ✓ Pulled 1 token ids from sheet 1OgtsuOP2eKQays_mWAzVK2eRoQKP1QYVRsquGOafH7w (gid=0)

── Run inputs ──────────────────────────
  Tokens in CSV      1

── Step 2: Ensure starting crawl cookie (account 1) 
  Account pool       refresh1
  · Re-logging in 1 account(s) via Selenium (steps 1→2→3)
  · First tokenId  26110873469514245765157819712386061072017814539022284224424065739912527725850  (from tokens.csv)
  · [1/1] refresh1
  · Chrome profile  /Users/admin/.refresh/chrome-bscscan/profiles/refresh1  (Default)
  · Chrome version_main  150
  · Step 1/3  Selenium login  refresh1
  · Login attempt 1/5  refresh1
  · Login page open  https://bscscan.com/login
  ✓ Filled username/password for refresh1
  · Waiting for Turnstile (complete captcha in browser if shown)...
  ⚠ Turnstile not detected within 120s
  · Login attempt 2/5  refresh1
  · Login page open  https://bscscan.com/login
  ✓ Filled username/password for refresh1
  · Waiting for Turnstile (complete captcha in browser if shown)...
  ⚠ Turnstile not detected within 120s
  · Login attempt 3/5  refresh1
  · Login page open  https://bscscan.com/login
  ✓ Filled username/password for refresh1
  · Waiting for Turnstile (complete captcha in browser if shown)...
  ⚠ Turnstile not detected within 120s
  · Login attempt 4/5  refresh1
  · Login page open  https://bscscan.com/login
  ✓ Filled username/password for refresh1
  · Waiting for Turnstile (complete captcha in browser if shown)...
  ✓ Turnstile completed
  · Clicking LOGIN...
  ⚠ Captcha rejected
  · Login attempt 5/5  refresh1
  · Login page open  https://bscscan.com/login
  ✓ Filled username/password for refresh1
  · Waiting for Turnstile (complete captcha in browser if shown)...
  ⚠ Turnstile not detected within 120s
  ⚠ Cleaned up 1 stale Chrome process(es)
Traceback (most recent call last):
  File "/Users/admin/refresh-metadata/refresh-metadata-tool/run_workflow.py", line 193, in <module>
    main()
  File "/Users/admin/refresh-metadata/refresh-metadata-tool/run_workflow.py", line 147, in main
    logged_accounts = ensure_cookies(1) or logged_accounts
  File "/Users/admin/refresh-metadata/refresh-metadata-tool/run_workflow.py", line 94, in ensure_cookies
    login.capture_account(pool, username, creds["password"], token_id, driver=None)
  File "/Users/admin/refresh-metadata/refresh-metadata-tool/accounts/login.py", line 762, in capture_account
    selenium_login(driver, username, password)
  File "/Users/admin/refresh-metadata/refresh-metadata-tool/accounts/login.py", line 697, in selenium_login
    login(driver, username, password)
  File "/Users/admin/refresh-metadata/refresh-metadata-tool/accounts/login.py", line 675, in login
    raise last_error or RuntimeError(f"Login failed for {username}")
RuntimeError: Turnstile not ready for refresh1
=== exit 1 at Thu Jul 30 19:56:34 HKT 2026 ===
=== git push log: Thu Jul 30 19:56:34 HKT 2026 ===
