=== refresh daily run: Mon Aug 03 14:09:19 HKT 2026 ===
repo=/Users/admin/refresh-metadata/refresh-metadata-tool
python=/usr/bin/python3 (Python 3.9.6)
args=<full pipeline>
note=manual retry for 20260730 + 20260731 (failed scheduled runs)
/Users/admin/Library/Python/3.9/lib/python/site-packages/urllib3/__init__.py:35: NotOpenSSLWarning: urllib3 v2 only supports OpenSSL 1.1.1+, currently the 'ssl' module is compiled with 'LibreSSL 2.8.3'. See: https://github.com/urllib3/urllib3/issues/3020
  warnings.warn(

══════════════════════════════════════════════════
  BscScan Metadata Workflow
══════════════════════════════════════════════════

── Step 1: Update tokens.csv from Google Sheet ─────

  ▸ Fetch shared token sheet (CSV export)
  ✓ Pulled 14 token ids from sheet 1OgtsuOP2eKQays_mWAzVK2eRoQKP1QYVRsquGOafH7w (gid=0)

── Run inputs ──────────────────────────
  Tokens in CSV      14

── Step 2: Ensure starting crawl cookie (account 1) 
  Account pool       refresh1
  · Re-logging in 1 account(s) via Selenium (steps 1→2→3)
  · First tokenId  87634183807806109244292136605809006236111935870822535235145849298050384052554  (from tokens.csv)
  · [1/1] refresh1
  · Chrome profile  /Users/admin/.refresh/chrome-bscscan/profiles/refresh1  (Default)
  · Chrome version_main  150
  · Step 1/3  Selenium login  refresh1
  · Login attempt 1/3  refresh1
  · Login page open  https://bscscan.com/login
  ✓ Filled username/password for refresh1
  · Waiting for Turnstile (complete captcha in browser if shown)...
  ✓ Turnstile completed
  · Clicking LOGIN...
  ✓ Logged in as refresh1
  ✓ Login successful  refresh1
  · Step 2/3  Open first token NFT page  …0384052554
  ·            https://bscscan.com/nft/0xF8646A3Ca093e97Bb404c3b25e675C0394DD5b30/87634183807806109244292136605809006236111935870822535235145849298050384052554
  ✓ NFT page loaded  …0384052554
  · Step 3/3  Capture cookie + userAgent  refresh1
  ✓ Captured  10 cookies  cf_clearance=True  session=True
  ✓ Saved to account state  refresh1

── Step 3: Reset compare output files ──────────────
  ✓ Progress reset: progress.json
  ✓ Report reset:   report.json

── Step 4: Crawl — compare BscScan vs on-chain metadata 

  ▸ crawl/compare.py
/Users/admin/Library/Python/3.9/lib/python/site-packages/urllib3/__init__.py:35: NotOpenSSLWarning: urllib3 v2 only supports OpenSSL 1.1.1+, currently the 'ssl' module is compiled with 'LibreSSL 2.8.3'. See: https://github.com/urllib3/urllib3/issues/3020
  warnings.warn(

══════════════════════════════════════════════════
  Crawl — BscScan vs on-chain metadata
══════════════════════════════════════════════════
  Account pool       refresh1, refresh2, refresh3, refresh4, refresh5, refresh6, refresh7, refresh8, refresh9, refresh10, refresh11, refresh12, refresh13, refresh14, refresh15, refresh16, refresh17, refresh18, refresh19, refresh20
  Active account     refresh1

── Run config ──────────────────────────
  Total tokens       14
  Already done       0
  Remaining          14
  Concurrency        10
  RPC                https://bsc-dataseed.binance.org
  ✓ …0384052554  in_sync
  ⚠ …3225144603  out_of_sync (4 diffs)
  ⚠ …7406206423  out_of_sync (5 diffs)
  ⚠ …3454363260  out_of_sync (5 diffs)
  ⚠ …3451917371  out_of_sync (5 diffs)
  ⚠ …9340164653  out_of_sync (5 diffs)
  ✓ …3865212103  in_sync
  ✗ …0098767479  The read operation timed out
  ✓ …4590376915  in_sync
  ✓ …3021007735  in_sync
  · Batch done — 10/14 tokens
  ⚠ …0287064705  out_of_sync (3 diffs)
  ⚠ …5844378803  out_of_sync (3 diffs)
  ⚠ …8936680346  out_of_sync (5 diffs)
  ⚠ …2527725850  out_of_sync (4 diffs)
  · Batch done — 14/14 tokens

── Crawl results ───────────────────────
  in_sync            4
  out_of_sync        9
  errors             1
  Progress file      progress.json
  Report file        report.json
  Report contents    9 out_of_sync, 1 errors

── Step 5: Refresh out-of-sync + crawl-error tokens (Selenium) 
  Out-of-sync        9
  Crawl errors       1
  To refresh         10
  Accounts needed    1
  Account pool       refresh1,refresh2,refresh3,refresh4,refresh5,refresh6,refresh7,refresh8,refresh9,refresh10,refresh11,refresh12,refresh13,refresh14,refresh15,refresh16,refresh17,refresh18,refresh19,refresh20

  ▸ refresh-metadata/refresh.py
/Users/admin/Library/Python/3.9/lib/python/site-packages/urllib3/__init__.py:35: NotOpenSSLWarning: urllib3 v2 only supports OpenSSL 1.1.1+, currently the 'ssl' module is compiled with 'LibreSSL 2.8.3'. See: https://github.com/urllib3/urllib3/issues/3020
  warnings.warn(

══════════════════════════════════════════════════
  Refresh — Selenium
══════════════════════════════════════════════════

── Run config ──────────────────────────
  Source             report.json
  Out-of-sync        9
  Crawl errors       1
  Tokens             10
  Limit per account  100 tokens
  Delay              5.0s between tokens
  Account pool       refresh1, refresh2, refresh3, refresh4, refresh5, refresh6, refresh7, refresh8, refresh9, refresh10, refresh11, refresh12, refresh13, refresh14, refresh15, refresh16, refresh17, refresh18, refresh19, refresh20
  Active account     refresh1

── Refresh quota (today) ───────────────
  refresh1           100/100 left (used 0, since not started)
  refresh2           100/100 left (used 0, since not started)
  refresh3           100/100 left (used 0, since not started)
  refresh4           100/100 left (used 0, since not started)
  refresh5           100/100 left (used 0, since not started)
  refresh6           100/100 left (used 0, since not started)
  refresh7           100/100 left (used 0, since not started)
  refresh8           100/100 left (used 0, since not started)
  refresh9           100/100 left (used 0, since not started)
  refresh10          100/100 left (used 0, since not started)
  refresh11          100/100 left (used 0, since not started)
  refresh12          100/100 left (used 0, since not started)
  refresh13          100/100 left (used 0, since not started)
  refresh14          100/100 left (used 0, since not started)
  refresh15          100/100 left (used 0, since not started)
  refresh16          100/100 left (used 0, since not started)
  refresh17          100/100 left (used 0, since not started)
  refresh18          100/100 left (used 0, since not started)
  refresh19          100/100 left (used 0, since not started)
  refresh20          100/100 left (used 0, since not started)
  · Reusing today's session  refresh1  (100/100 left, started 2026-08-03T06:00:12Z)
  · Chrome profile  /Users/admin/.refresh/chrome-bscscan/profiles/refresh1  (Default)
  · Chrome version_main  150
  · Trying saved cookies for refresh1 before Selenium login
  ⚠ Could not verify logged-in username (expected refresh1)
  ⚠ Saved cookies did not restore session for refresh1
  ⚠ Saved session expired for refresh1 — restoring login
  · Chrome profile  /Users/admin/.refresh/chrome-bscscan/profiles/refresh1  (Default)
  · Chrome version_main  150
  · Checking Chrome profile session for refresh1
  · Trying saved cookies for refresh1 before Selenium login
  ⚠ Could not verify logged-in username (expected refresh1)
  ⚠ Saved cookies did not restore session for refresh1
  ⚠ Saved session unavailable for refresh1 — full login required
  · Logging in  refresh1
  · Step 1/3  Selenium login  refresh1
  · Login attempt 1/3  refresh1
  · Login page open  https://bscscan.com/login
  ✓ Filled username/password for refresh1
  · Waiting for Turnstile (complete captcha in browser if shown)...
  ✓ Turnstile completed
  · Clicking LOGIN...
  ✓ Logged in as refresh1
  ✓ Login successful  refresh1
  · Step 2/3  Open first token NFT page  …3225144603
  ·            https://bscscan.com/nft/0xF8646A3Ca093e97Bb404c3b25e675C0394DD5b30/40246478307546346017841056048378076609094760428284807359190179775293225144603
  ✓ NFT page loaded  …3225144603
  ✓ Session ready  refresh1  (100/100 left, started 2026-08-03T06:00:12Z)
  · Refreshing …3225144603  (1/10)  (account: refresh1)
  ✓ …3225144603  refresh clicked
  Quota              99/100 remaining for refresh1
  · Refreshing …7406206423  (2/10)  (account: refresh1)
  ✓ …7406206423  refresh clicked
  Quota              98/100 remaining for refresh1
  · Refreshing …3454363260  (3/10)  (account: refresh1)
  ✓ …3454363260  refresh clicked
  Quota              97/100 remaining for refresh1
  · Refreshing …3451917371  (4/10)  (account: refresh1)
  ✓ …3451917371  refresh clicked
  Quota              96/100 remaining for refresh1
  · Refreshing …9340164653  (5/10)  (account: refresh1)
  ✓ …9340164653  refresh clicked
  Quota              95/100 remaining for refresh1
  · Refreshing …0287064705  (6/10)  (account: refresh1)
  ✓ …0287064705  refresh clicked
  Quota              94/100 remaining for refresh1
  · Refreshing …5844378803  (7/10)  (account: refresh1)
  ✓ …5844378803  refresh clicked
  Quota              93/100 remaining for refresh1
  · Refreshing …8936680346  (8/10)  (account: refresh1)
  ✓ …8936680346  refresh clicked
  Quota              92/100 remaining for refresh1
  · Refreshing …2527725850  (9/10)  (account: refresh1)
  ✓ …2527725850  refresh clicked
  Quota              91/100 remaining for refresh1
  · Refreshing …0098767479  (10/10)  (account: refresh1)
  ✓ …0098767479  refresh clicked
  Quota              90/100 remaining for refresh1

── Refresh results ─────────────────────
  Succeeded          10
  Failed             0
  Total              10

══════════════════════════════════════════════════
  Workflow complete
══════════════════════════════════════════════════
=== exit 0 at Mon Aug 03 14:09:19 HKT 2026 ===
