=== refresh run: 2026-09-24 19:13:45.883975 ===
repo=/Users/admin/refresh-metadata/refresh-metadata-tool
python=/Library/Developer/CommandLineTools/usr/bin/python3 (3.9.6)
args=<full pipeline>

══════════════════════════════════════════════════
  BscScan Metadata Workflow
══════════════════════════════════════════════════

── Step 1: Update tokens.csv from Google Sheet ─────

  ▸ Fetch shared token sheet (CSV export)
  ⚠ Sheet fetch attempt 1/3 failed: HTTPSConnectionPool(host='doc-0o-5c-sheets.googleusercontent.com', port=443): Max retries exceeded with url: /export/f3kk9gtum31ktuqh54kn7i1e14/6mrd4ea3l70ds1k7l1pkonv9e0/1790248425000/113189512405486785599/*/1OgtsuOP2eKQays_mWAzVK2eRoQKP1QYVRsquGOafH7w?format=csv&gid=0 (Caused by NewConnectionError("HTTPSConnection(host='doc-0o-5c-sheets.googleusercontent.com', port=443): Failed to establish a new connection: [Errno 51] Network is unreachable")) — retrying in 5s
  ✓ Pulled 20 token ids from sheet 1OgtsuOP2eKQays_mWAzVK2eRoQKP1QYVRsquGOafH7w (gid=0)

── Run inputs ──────────────────────────
  Tokens in CSV      20

── Step 2: Ensure starting crawl cookie (account 1) 
  Account pool       refresh1
  · Re-logging in 1 account(s) via Selenium (steps 1→2→3)
  · First tokenId  77272466953725074612290434536977022822553051168935502450973630434906267523051  (from tokens.csv)
  · [1/1] refresh1
  · Chrome profile  /Users/admin/.refresh/chrome-bscscan/profiles/refresh1  (Default)
  · Chrome version_main  153
  · Chrome started  (20.9s, cached chromedriver)
  · Checking Chrome profile session for refresh1
  · Chrome profile has no live session for refresh1 (landed on https://bscscan.com/login)
  · Step 1/3  Selenium login  refresh1
  · Login attempt 1/5  refresh1
  · Login page open  https://bscscan.com/login
  ✓ Filled username/password for refresh1  (remember me)
  · Waiting for Turnstile (complete captcha in browser if shown)...
  ⚠ Turnstile not detected within 120s
  · Login attempt 2/5  refresh1
  · Login page open  https://bscscan.com/login
  ✓ Filled username/password for refresh1  (remember me)
  · Waiting for Turnstile (complete captcha in browser if shown)...
  ⚠ Turnstile not detected within 120s
  · Login attempt 3/5  refresh1
  · Login page open  https://bscscan.com/login
  ✓ Filled username/password for refresh1  (remember me)
  · Waiting for Turnstile (complete captcha in browser if shown)...
  ⚠ Turnstile not detected within 120s
  · Login attempt 4/5  refresh1
  · Login page open  https://bscscan.com/login
  ✓ Filled username/password for refresh1  (remember me)
  · Waiting for Turnstile (complete captcha in browser if shown)...
  ⚠ Turnstile not detected within 120s
  · Login attempt 5/5  refresh1
  · Login page open  https://bscscan.com/login
  ✓ Filled username/password for refresh1  (remember me)
  · Waiting for Turnstile (complete captcha in browser if shown)...
  ⚠ Turnstile not detected within 120s
Traceback (most recent call last):
  File "/Users/admin/refresh-metadata/refresh-metadata-tool/run_workflow.py", line 243, in <module>
    main()
  File "/Users/admin/refresh-metadata/refresh-metadata-tool/run_workflow.py", line 184, in main
    ensure_cookies(1)
  File "/Users/admin/refresh-metadata/refresh-metadata-tool/run_workflow.py", line 135, in ensure_cookies
    login.capture_account(pool, username, creds["password"], token_id, driver=None)
  File "/Users/admin/refresh-metadata/refresh-metadata-tool/accounts/login.py", line 1000, in capture_account
    selenium_login(driver, username, password)
  File "/Users/admin/refresh-metadata/refresh-metadata-tool/accounts/login.py", line 932, in selenium_login
    login(driver, username, password)
  File "/Users/admin/refresh-metadata/refresh-metadata-tool/accounts/login.py", line 905, in login
    raise last_error or RuntimeError(f"Login failed for {username}")
RuntimeError: Turnstile not ready for refresh1
=== exit 1 at 2026-09-25 00:19:13.181862 ===
