=== refresh run: 2026-09-18 18:30:04.456015 ===
repo=/Users/admin/refresh-metadata/refresh-metadata-tool
python=/Library/Developer/CommandLineTools/usr/bin/python3 (3.9.6)
args=<full pipeline>

══════════════════════════════════════════════════
  BscScan Metadata Workflow
══════════════════════════════════════════════════

── Step 1: Update tokens.csv from Google Sheet ─────

  ▸ Fetch shared token sheet (CSV export)
  ✓ Pulled 1 token ids from sheet 1OgtsuOP2eKQays_mWAzVK2eRoQKP1QYVRsquGOafH7w (gid=0)

── Run inputs ──────────────────────────
  Tokens in CSV      1

── Step 2: Ensure starting crawl cookie (account 1) 
  Account pool       refresh1
  · Re-logging in 1 account(s) via Selenium (steps 1→2→3)
  · First tokenId  93129392103595949450233566206145801656278517120710387212714884551269979196320  (from tokens.csv)
  · [1/1] refresh1
  · Chrome profile  /Users/admin/.refresh/chrome-bscscan/profiles/refresh1  (Default)
  · Chrome version_main  153
  · Chrome started  (2.4s, cached chromedriver)
  · Checking Chrome profile session for refresh1
  ✓ Session recovered from Chrome profile  refresh1
  · Step 2/3  Open first token NFT page  …9979196320
  ·            https://bscscan.com/nft/0xF8646A3Ca093e97Bb404c3b25e675C0394DD5b30/93129392103595949450233566206145801656278517120710387212714884551269979196320
  ✓ NFT page loaded  …9979196320
  ✓ Reused Chrome profile session — no Turnstile login needed  refresh1
  · Step 3/3  Capture cookie + userAgent  refresh1
  ✓ Captured  11 cookies  cf_clearance=True  session=True
  ✓ Saved to account state  refresh1

── Step 3: Reset compare output files ──────────────
  ✓ Progress reset: progress.json
  ✓ Report reset:   report.json

── Step 4: Crawl — compare BscScan vs on-chain metadata 

  ▸ crawl/compare.py
/Users/admin/Library/Python/3.9/lib/python/site-packages/urllib3/__init__.py:35: NotOpenSSLWarning: urllib3 v2 only supports OpenSSL 1.1.1+, currently the 'ssl' module is compiled with 'LibreSSL 2.8.3'. See: https://github.com/urllib3/urllib3/issues/3020
  warnings.warn(

══════════════════════════════════════════════════
  Crawl — BscScan vs on-chain metadata
══════════════════════════════════════════════════
  Account pool       refresh1, refresh2, refresh3, refresh4, refresh5, refresh6, refresh7, refresh8, refresh9, refresh10, refresh11, refresh12, refresh13, refresh14, refresh15, refresh16, refresh17, refresh18, refresh19, refresh20
  Active account     refresh1

── Run config ──────────────────────────
  Total tokens       1
  Already done       0
  Remaining          1
  Concurrency        50
  RPC                https://bsc-dataseed.binance.org
  ✓ …9979196320  in_sync
  · Batch done — 1/1 tokens

── Crawl results ───────────────────────
  in_sync            1
  out_of_sync        0
  errors             0
  Progress file      progress.json
  Report file        report.json
  Report contents    0 out_of_sync, 0 errors

── Step 5: Refresh out-of-sync + crawl-error tokens (Selenium) 
  Out-of-sync        0
  To refresh         0
  Accounts needed    0
  ✓ Nothing to refresh

══════════════════════════════════════════════════
  Workflow complete
══════════════════════════════════════════════════
=== exit 0 at 2026-09-18 18:30:32.829973 ===
