=== refresh daily run: Tue Aug  4 18:30:05 HKT 2026 ===
repo=/Users/admin/refresh-metadata/refresh-metadata-tool
python=/usr/bin/python3 (Python 3.9.6)
args=<full pipeline>
/Users/admin/Library/Python/3.9/lib/python/site-packages/urllib3/__init__.py:35: NotOpenSSLWarning: urllib3 v2 only supports OpenSSL 1.1.1+, currently the 'ssl' module is compiled with 'LibreSSL 2.8.3'. See: https://github.com/urllib3/urllib3/issues/3020
  warnings.warn(

══════════════════════════════════════════════════
  BscScan Metadata Workflow
══════════════════════════════════════════════════

── Step 1: Update tokens.csv from Google Sheet ─────

  ▸ Fetch shared token sheet (CSV export)
  ✓ Pulled 32 token ids from sheet 1OgtsuOP2eKQays_mWAzVK2eRoQKP1QYVRsquGOafH7w (gid=0)

── Run inputs ──────────────────────────
  Tokens in CSV      32

── Step 2: Ensure starting crawl cookie (account 1) 
  Account pool       refresh1
  · Re-logging in 1 account(s) via Selenium (steps 1→2→3)
  · First tokenId  23119360347623474584956951893465992328272527163468982882156000916652594557626  (from tokens.csv)
  · [1/1] refresh1
  · Chrome profile  /Users/admin/.refresh/chrome-bscscan/profiles/refresh1  (Default)
  · Chrome version_main  150
  · Step 1/3  Selenium login  refresh1
  · Login attempt 1/5  refresh1
  · Login page open  https://bscscan.com/login
  ✓ Filled username/password for refresh1
  · Waiting for Turnstile (complete captcha in browser if shown)...
  ✓ Turnstile completed
  · Clicking LOGIN...
  ✓ Logged in as refresh1
  ✓ Login successful  refresh1
  · Step 2/3  Open first token NFT page  …2594557626
  ·            https://bscscan.com/nft/0xF8646A3Ca093e97Bb404c3b25e675C0394DD5b30/23119360347623474584956951893465992328272527163468982882156000916652594557626
  ✓ NFT page loaded  …2594557626
  · Step 3/3  Capture cookie + userAgent  refresh1
  ✓ Captured  10 cookies  cf_clearance=True  session=True
  ✓ Saved to account state  refresh1

── Step 3: Reset compare output files ──────────────
  ✓ Progress reset: progress.json
  ✓ Report reset:   report.json

── Step 4: Crawl — compare BscScan vs on-chain metadata 

  ▸ crawl/compare.py
/Users/admin/Library/Python/3.9/lib/python/site-packages/urllib3/__init__.py:35: NotOpenSSLWarning: urllib3 v2 only supports OpenSSL 1.1.1+, currently the 'ssl' module is compiled with 'LibreSSL 2.8.3'. See: https://github.com/urllib3/urllib3/issues/3020
  warnings.warn(

══════════════════════════════════════════════════
  Crawl — BscScan vs on-chain metadata
══════════════════════════════════════════════════
  Account pool       refresh1, refresh2, refresh3, refresh4, refresh5, refresh6, refresh7, refresh8, refresh9, refresh10, refresh11, refresh12, refresh13, refresh14, refresh15, refresh16, refresh17, refresh18, refresh19, refresh20
  Active account     refresh1

── Run config ──────────────────────────
  Total tokens       32
  Already done       0
  Remaining          32
  Concurrency        10
  RPC                https://bsc-dataseed.binance.org
  ⚠ …2594557626  out_of_sync (4 diffs)
  ⚠ …5271756982  out_of_sync (4 diffs)
  ⚠ …4337301027  out_of_sync (3 diffs)
  ⚠ …4986897412  out_of_sync (4 diffs)
  ⚠ …1745638071  out_of_sync (4 diffs)
  ⚠ …2623716034  out_of_sync (5 diffs)
  ⚠ …8128986636  out_of_sync (3 diffs)
  ⚠ …0905473176  out_of_sync (4 diffs)
  ⚠ …4663206881  out_of_sync (4 diffs)
  ⚠ …2384336484  out_of_sync (3 diffs)
  · Batch done — 10/32 tokens
  ⚠ …4590376915  out_of_sync (3 diffs)
  ⚠ …3021007735  out_of_sync (3 diffs)
  ✓ …5710537362  in_sync
  ✓ …7828116333  in_sync
  ⚠ …5188940675  out_of_sync (4 diffs)
  ✓ …3025055272  in_sync
  ⚠ …7944139962  out_of_sync (4 diffs)
  ✓ …6375226144  in_sync
  ✓ …6143934148  in_sync
  ✓ …7972228388  in_sync
  · Batch done — 20/32 tokens
  ✓ …6899328414  in_sync
  ⚠ …7407186339  out_of_sync (4 diffs)
  ⚠ …9919857025  out_of_sync (3 diffs)
  ⚠ …6686125098  out_of_sync (4 diffs)
  ⚠ …8680290887  out_of_sync (4 diffs)
  ⚠ …2060363910  out_of_sync (3 diffs)
  ⚠ …6851119858  out_of_sync (3 diffs)
  ⚠ …7756985270  out_of_sync (5 diffs)
  ⚠ …2774725644  out_of_sync (3 diffs)
  ⚠ …3337903942  out_of_sync (3 diffs)
  · Batch done — 30/32 tokens
  ⚠ …3218324045  out_of_sync (4 diffs)
  ✓ …9887489818  in_sync
  · Batch done — 32/32 tokens

── Crawl results ───────────────────────
  in_sync            8
  out_of_sync        24
  errors             0
  Progress file      progress.json
  Report file        report.json
  Report contents    24 out_of_sync, 0 errors

── Step 5: Refresh out-of-sync + crawl-error tokens (Selenium) 
  Out-of-sync        24
  To refresh         24
  Accounts needed    1
  Account pool       refresh1,refresh2,refresh3,refresh4,refresh5,refresh6,refresh7,refresh8,refresh9,refresh10,refresh11,refresh12,refresh13,refresh14,refresh15,refresh16,refresh17,refresh18,refresh19,refresh20

  ▸ refresh-metadata/refresh.py
/Users/admin/Library/Python/3.9/lib/python/site-packages/urllib3/__init__.py:35: NotOpenSSLWarning: urllib3 v2 only supports OpenSSL 1.1.1+, currently the 'ssl' module is compiled with 'LibreSSL 2.8.3'. See: https://github.com/urllib3/urllib3/issues/3020
  warnings.warn(

══════════════════════════════════════════════════
  Refresh — Selenium
══════════════════════════════════════════════════

── Run config ──────────────────────────
  Source             report.json
  Out-of-sync        24
  Tokens             24
  Limit per account  100 tokens
  Delay              5.0s between tokens
  Account pool       refresh1, refresh2, refresh3, refresh4, refresh5, refresh6, refresh7, refresh8, refresh9, refresh10, refresh11, refresh12, refresh13, refresh14, refresh15, refresh16, refresh17, refresh18, refresh19, refresh20
  Active account     refresh1

── Refresh quota (today) ───────────────
  refresh1           100/100 left (used 0, since not started)
  refresh2           100/100 left (used 0, since not started)
  refresh3           100/100 left (used 0, since not started)
  refresh4           100/100 left (used 0, since not started)
  refresh5           100/100 left (used 0, since not started)
  refresh6           100/100 left (used 0, since not started)
  refresh7           100/100 left (used 0, since not started)
  refresh8           100/100 left (used 0, since not started)
  refresh9           100/100 left (used 0, since not started)
  refresh10          100/100 left (used 0, since not started)
  refresh11          100/100 left (used 0, since not started)
  refresh12          100/100 left (used 0, since not started)
  refresh13          100/100 left (used 0, since not started)
  refresh14          100/100 left (used 0, since not started)
  refresh15          100/100 left (used 0, since not started)
  refresh16          100/100 left (used 0, since not started)
  refresh17          100/100 left (used 0, since not started)
  refresh18          100/100 left (used 0, since not started)
  refresh19          100/100 left (used 0, since not started)
  refresh20          100/100 left (used 0, since not started)
  · Chrome profile  /Users/admin/.refresh/chrome-bscscan/profiles/refresh1  (Default)
  · Chrome version_main  150
  · Checking Chrome profile session for refresh1
  ⚠ Saved session unavailable for refresh1 — full login required
  · Logging in  refresh1
  · Step 1/3  Selenium login  refresh1
  · Login attempt 1/5  refresh1
  · Login page open  https://bscscan.com/login
  ✓ Filled username/password for refresh1
  · Waiting for Turnstile (complete captcha in browser if shown)...
  ✓ Turnstile completed
  · Clicking LOGIN...
  ✓ Logged in as refresh1
  ✓ Login successful  refresh1
  · Step 2/3  Open first token NFT page  …2594557626
  ·            https://bscscan.com/nft/0xF8646A3Ca093e97Bb404c3b25e675C0394DD5b30/23119360347623474584956951893465992328272527163468982882156000916652594557626
  ✓ NFT page loaded  …2594557626
  ✓ Session ready  refresh1  (100/100 left, started 2026-08-04T10:31:51Z)
  · Refreshing …2594557626  (1/24)  (account: refresh1)
  ✓ …2594557626  refresh clicked
  Quota              99/100 remaining for refresh1
  · Refreshing …5271756982  (2/24)  (account: refresh1)
  ✓ …5271756982  refresh clicked
  Quota              98/100 remaining for refresh1
  · Refreshing …4337301027  (3/24)  (account: refresh1)
  ✓ …4337301027  refresh clicked
  Quota              97/100 remaining for refresh1
  · Refreshing …4986897412  (4/24)  (account: refresh1)
  ✓ …4986897412  refresh clicked
  Quota              96/100 remaining for refresh1
  · Refreshing …1745638071  (5/24)  (account: refresh1)
  ✓ …1745638071  refresh clicked
  Quota              95/100 remaining for refresh1
  · Refreshing …2623716034  (6/24)  (account: refresh1)
  ✓ …2623716034  refresh clicked
  Quota              94/100 remaining for refresh1
  · Refreshing …8128986636  (7/24)  (account: refresh1)
  ✓ …8128986636  refresh clicked
  Quota              93/100 remaining for refresh1
  · Refreshing …0905473176  (8/24)  (account: refresh1)
  ✓ …0905473176  refresh clicked
  Quota              92/100 remaining for refresh1
  · Refreshing …4663206881  (9/24)  (account: refresh1)
  ✓ …4663206881  refresh clicked
  Quota              91/100 remaining for refresh1
  · Refreshing …2384336484  (10/24)  (account: refresh1)
  ✓ …2384336484  refresh clicked
  Quota              90/100 remaining for refresh1
  · Refreshing …4590376915  (11/24)  (account: refresh1)
  ✓ …4590376915  refresh clicked
  Quota              89/100 remaining for refresh1
  · Refreshing …3021007735  (12/24)  (account: refresh1)
  ✓ …3021007735  refresh clicked
  Quota              88/100 remaining for refresh1
  · Refreshing …5188940675  (13/24)  (account: refresh1)
  ✓ …5188940675  refresh clicked
  Quota              87/100 remaining for refresh1
  · Refreshing …7944139962  (14/24)  (account: refresh1)
  ✓ …7944139962  refresh clicked
  Quota              86/100 remaining for refresh1
  · Refreshing …7407186339  (15/24)  (account: refresh1)
  ✓ …7407186339  refresh clicked
  Quota              85/100 remaining for refresh1
  · Refreshing …9919857025  (16/24)  (account: refresh1)
  ✓ …9919857025  refresh clicked
  Quota              84/100 remaining for refresh1
  · Refreshing …6686125098  (17/24)  (account: refresh1)
  ✓ …6686125098  refresh clicked
  Quota              83/100 remaining for refresh1
  · Refreshing …8680290887  (18/24)  (account: refresh1)
  ✓ …8680290887  refresh clicked
  Quota              82/100 remaining for refresh1
  · Refreshing …2060363910  (19/24)  (account: refresh1)
  ✓ …2060363910  refresh clicked
  Quota              81/100 remaining for refresh1
  · Proactive browser restart after 19 tokens
  · Chrome profile  /Users/admin/.refresh/chrome-bscscan/profiles/refresh1  (Default)
  · Chrome version_main  150
  · Checking Chrome profile session for refresh1
  · Trying saved cookies for refresh1 before Selenium login
  ⚠ Could not verify logged-in username (expected refresh1)
  ⚠ Saved cookies did not restore session for refresh1
  ⚠ Saved session unavailable for refresh1 — full login required
  · Logging in  refresh1
  · Step 1/3  Selenium login  refresh1
  · Login attempt 1/5  refresh1
  · Login page open  https://bscscan.com/login
  ✓ Filled username/password for refresh1
  · Waiting for Turnstile (complete captcha in browser if shown)...
  ✓ Turnstile completed
  · Clicking LOGIN...
  ✓ Logged in as refresh1
  ✓ Login successful  refresh1
  · Step 2/3  Open first token NFT page  …6851119858
  ·            https://bscscan.com/nft/0xF8646A3Ca093e97Bb404c3b25e675C0394DD5b30/12145202885815573585442465443362444482710488555918690885258768373966851119858
  ✓ NFT page loaded  …6851119858
  ✓ Session ready  refresh1  (81/100 left, started 2026-08-04T10:31:51Z)
  · Refreshing …6851119858  (20/24)  (account: refresh1)
  ✓ …6851119858  refresh clicked
  Quota              80/100 remaining for refresh1
  · Refreshing …7756985270  (21/24)  (account: refresh1)
  ✓ …7756985270  refresh clicked
  Quota              79/100 remaining for refresh1
  · Refreshing …2774725644  (22/24)  (account: refresh1)
  ✓ …2774725644  refresh clicked
  Quota              78/100 remaining for refresh1
  · Refreshing …3337903942  (23/24)  (account: refresh1)
  ✓ …3337903942  refresh clicked
  Quota              77/100 remaining for refresh1
  · Refreshing …3218324045  (24/24)  (account: refresh1)
  ✓ …3218324045  refresh clicked
  Quota              76/100 remaining for refresh1

── Refresh results ─────────────────────
  Succeeded          24
  Failed             0
  Total              24

══════════════════════════════════════════════════
  Workflow complete
══════════════════════════════════════════════════
=== exit 0 at Tue Aug  4 18:38:28 HKT 2026 ===
=== git push log: Tue Aug  4 18:38:28 HKT 2026 ===
