=== refresh daily run: Mon Aug 24 18:30:03 HKT 2026 ===
repo=/Users/admin/refresh-metadata/refresh-metadata-tool
python=/usr/bin/python3 (Python 3.9.6)
args=<full pipeline>
/Users/admin/Library/Python/3.9/lib/python/site-packages/urllib3/__init__.py:35: NotOpenSSLWarning: urllib3 v2 only supports OpenSSL 1.1.1+, currently the 'ssl' module is compiled with 'LibreSSL 2.8.3'. See: https://github.com/urllib3/urllib3/issues/3020
  warnings.warn(

══════════════════════════════════════════════════
  BscScan Metadata Workflow
══════════════════════════════════════════════════

── Step 1: Update tokens.csv from Google Sheet ─────

  ▸ Fetch shared token sheet (CSV export)
  ✓ Pulled 28 token ids from sheet 1OgtsuOP2eKQays_mWAzVK2eRoQKP1QYVRsquGOafH7w (gid=0)

── Run inputs ──────────────────────────
  Tokens in CSV      28

── Step 2: Ensure starting crawl cookie (account 1) 
  Account pool       refresh1
  · Re-logging in 1 account(s) via Selenium (steps 1→2→3)
  · First tokenId  1954039276574956896479655521184604034058004700206454884299900668530559640959  (from tokens.csv)
  · [1/1] refresh1
  · Chrome profile  /Users/admin/.refresh/chrome-bscscan/profiles/refresh1  (Default)
  · Chrome version_main  151
  · Step 1/3  Selenium login  refresh1
  · Login attempt 1/5  refresh1
  · Login page open  https://bscscan.com/login
  ✓ Filled username/password for refresh1
  · Waiting for Turnstile (complete captcha in browser if shown)...
  ✓ Turnstile completed
  · Clicking LOGIN...
  ✓ Logged in as refresh1
  ✓ Login successful  refresh1
  · Step 2/3  Open first token NFT page  …0559640959
  ·            https://bscscan.com/nft/0xF8646A3Ca093e97Bb404c3b25e675C0394DD5b30/1954039276574956896479655521184604034058004700206454884299900668530559640959
  ✓ NFT page loaded  …0559640959
  · Step 3/3  Capture cookie + userAgent  refresh1
  ✓ Captured  10 cookies  cf_clearance=True  session=True
  ✓ Saved to account state  refresh1

── Step 3: Reset compare output files ──────────────
  ✓ Progress reset: progress.json
  ✓ Report reset:   report.json

── Step 4: Crawl — compare BscScan vs on-chain metadata 

  ▸ crawl/compare.py
/Users/admin/Library/Python/3.9/lib/python/site-packages/urllib3/__init__.py:35: NotOpenSSLWarning: urllib3 v2 only supports OpenSSL 1.1.1+, currently the 'ssl' module is compiled with 'LibreSSL 2.8.3'. See: https://github.com/urllib3/urllib3/issues/3020
  warnings.warn(

══════════════════════════════════════════════════
  Crawl — BscScan vs on-chain metadata
══════════════════════════════════════════════════
  Account pool       refresh1, refresh2, refresh3, refresh4, refresh5, refresh6, refresh7, refresh8, refresh9, refresh10, refresh11, refresh12, refresh13, refresh14, refresh15, refresh16, refresh17, refresh18, refresh19, refresh20
  Active account     refresh1

── Run config ──────────────────────────
  Total tokens       28
  Already done       0
  Remaining          28
  Concurrency        10
  RPC                https://bsc-dataseed.binance.org
  ✗ …0559640959  HTTP Error 429: Too Many Requests
  ✗ …4802472243  HTTP Error 429: Too Many Requests
  ✗ …2271000611  HTTP Error 429: Too Many Requests
  ✗ …0162490126  HTTP Error 429: Too Many Requests
  ✗ …2491630881  HTTP Error 429: Too Many Requests
  ✗ …2056808266  HTTP Error 429: Too Many Requests
  ✗ …7819743113  HTTP Error 429: Too Many Requests
  ✗ …5201062546  HTTP Error 429: Too Many Requests
  ✗ …9431170288  [Errno 60] Operation timed out
  ✗ …0830783487  HTTP Error 429: Too Many Requests
  · Batch done — 10/28 tokens
  ✗ …9114292564  HTTP Error 429: Too Many Requests
  ✗ …1424322466  HTTP Error 429: Too Many Requests
  ✗ …6644432514  HTTP Error 429: Too Many Requests
  ✗ …7299701477  <urlopen error [Errno 60] Operation timed out>
  ✗ …8916616911  HTTP Error 429: Too Many Requests
  ✗ …1879584584  HTTP Error 429: Too Many Requests
  ✗ …2432910635  HTTP Error 429: Too Many Requests
  ✗ …8203989006  HTTP Error 429: Too Many Requests
  ✗ …6703678579  HTTP Error 429: Too Many Requests
  ✗ …9271053128  HTTP Error 429: Too Many Requests
  · Batch done — 20/28 tokens
  ✗ …6973777876  HTTP Error 429: Too Many Requests
  ✗ …7666516245  HTTP Error 429: Too Many Requests
  ✗ …1346603060  HTTP Error 429: Too Many Requests
  ✗ …6288204781  HTTP Error 429: Too Many Requests
  ✗ …9552920307  HTTP Error 429: Too Many Requests
  ✗ …7480762416  HTTP Error 429: Too Many Requests
  ✗ …6115140673  HTTP Error 429: Too Many Requests
  ✗ …1324786322  HTTP Error 429: Too Many Requests
  · Batch done — 28/28 tokens

── Crawl results ───────────────────────
  in_sync            0
  out_of_sync        0
  errors             28
  Progress file      progress.json
  Report file        report.json
  Report contents    0 out_of_sync, 28 errors

── Step 5: Refresh out-of-sync + crawl-error tokens (Selenium) 
  Out-of-sync        0
  Crawl errors       28
  To refresh         28
  Accounts needed    1
  Account pool       refresh1,refresh2,refresh3,refresh4,refresh5,refresh6,refresh7,refresh8,refresh9,refresh10,refresh11,refresh12,refresh13,refresh14,refresh15,refresh16,refresh17,refresh18,refresh19,refresh20

  ▸ refresh-metadata/refresh.py
/Users/admin/Library/Python/3.9/lib/python/site-packages/urllib3/__init__.py:35: NotOpenSSLWarning: urllib3 v2 only supports OpenSSL 1.1.1+, currently the 'ssl' module is compiled with 'LibreSSL 2.8.3'. See: https://github.com/urllib3/urllib3/issues/3020
  warnings.warn(

══════════════════════════════════════════════════
  Refresh — Selenium
══════════════════════════════════════════════════

── Run config ──────────────────────────
  Source             report.json
  Out-of-sync        0
  Crawl errors       28
  Tokens             28
  Limit per account  100 tokens
  Delay              5.0s between tokens
  Account pool       refresh1, refresh2, refresh3, refresh4, refresh5, refresh6, refresh7, refresh8, refresh9, refresh10, refresh11, refresh12, refresh13, refresh14, refresh15, refresh16, refresh17, refresh18, refresh19, refresh20
  Active account     refresh1

── Refresh quota (today) ───────────────
  refresh1           100/100 left (used 0, since not started)
  refresh2           100/100 left (used 0, since not started)
  refresh3           100/100 left (used 0, since not started)
  refresh4           100/100 left (used 0, since not started)
  refresh5           100/100 left (used 0, since not started)
  refresh6           100/100 left (used 0, since not started)
  refresh7           100/100 left (used 0, since not started)
  refresh8           100/100 left (used 0, since not started)
  refresh9           100/100 left (used 0, since not started)
  refresh10          100/100 left (used 0, since not started)
  refresh11          100/100 left (used 0, since not started)
  refresh12          100/100 left (used 0, since not started)
  refresh13          100/100 left (used 0, since not started)
  refresh14          100/100 left (used 0, since not started)
  refresh15          100/100 left (used 0, since not started)
  refresh16          100/100 left (used 0, since not started)
  refresh17          100/100 left (used 0, since not started)
  refresh18          100/100 left (used 0, since not started)
  refresh19          100/100 left (used 0, since not started)
  refresh20          100/100 left (used 0, since not started)
  · Chrome profile  /Users/admin/.refresh/chrome-bscscan/profiles/refresh1  (Default)
  · Chrome version_main  151
  · Checking Chrome profile session for refresh1
  ⚠ Saved session unavailable for refresh1 — full login required
  · Logging in  refresh1
  · Step 1/3  Selenium login  refresh1
  · Login attempt 1/5  refresh1
  · Login page open  https://bscscan.com/login
  ✓ Filled username/password for refresh1
  · Waiting for Turnstile (complete captcha in browser if shown)...
  ✓ Turnstile completed
  · Clicking LOGIN...
  ✓ Logged in as refresh1
  ✓ Login successful  refresh1
  · Step 2/3  Open first token NFT page  …0559640959
  ·            https://bscscan.com/nft/0xF8646A3Ca093e97Bb404c3b25e675C0394DD5b30/1954039276574956896479655521184604034058004700206454884299900668530559640959
  ✓ NFT page loaded  …0559640959
  ✓ Session ready  refresh1  (100/100 left, started 2026-08-24T10:32:54Z)
  · Refreshing …0559640959  (1/28)  (account: refresh1)
  ✓ …0559640959  refresh clicked
  Quota              99/100 remaining for refresh1
  · Refreshing …4802472243  (2/28)  (account: refresh1)
  ✓ …4802472243  refresh clicked
  Quota              98/100 remaining for refresh1
  · Refreshing …2271000611  (3/28)  (account: refresh1)
  ✓ …2271000611  refresh clicked
  Quota              97/100 remaining for refresh1
  · Refreshing …0162490126  (4/28)  (account: refresh1)
  ✓ …0162490126  refresh clicked
  Quota              96/100 remaining for refresh1
  · Refreshing …2491630881  (5/28)  (account: refresh1)
  ✓ …2491630881  refresh clicked
  Quota              95/100 remaining for refresh1
  · Refreshing …2056808266  (6/28)  (account: refresh1)
  ✓ …2056808266  refresh clicked
  Quota              94/100 remaining for refresh1
  · Refreshing …7819743113  (7/28)  (account: refresh1)
  ✓ …7819743113  refresh clicked
  Quota              93/100 remaining for refresh1
  · Refreshing …5201062546  (8/28)  (account: refresh1)
  ✓ …5201062546  refresh clicked
  Quota              92/100 remaining for refresh1
  · Refreshing …9431170288  (9/28)  (account: refresh1)
  ✓ …9431170288  refresh clicked
  Quota              91/100 remaining for refresh1
  · Refreshing …0830783487  (10/28)  (account: refresh1)
  ✓ …0830783487  refresh clicked
  Quota              90/100 remaining for refresh1
  · Refreshing …9114292564  (11/28)  (account: refresh1)
  ✓ …9114292564  refresh clicked
  Quota              89/100 remaining for refresh1
  · Refreshing …1424322466  (12/28)  (account: refresh1)
  ✓ …1424322466  refresh clicked
  Quota              88/100 remaining for refresh1
  · Refreshing …6644432514  (13/28)  (account: refresh1)
  ✓ …6644432514  refresh clicked
  Quota              87/100 remaining for refresh1
  · Refreshing …7299701477  (14/28)  (account: refresh1)
  ✓ …7299701477  refresh clicked
  Quota              86/100 remaining for refresh1
  · Refreshing …8916616911  (15/28)  (account: refresh1)
  ✓ …8916616911  refresh clicked
  Quota              85/100 remaining for refresh1
  · Refreshing …1879584584  (16/28)  (account: refresh1)
  ✓ …1879584584  refresh clicked
  Quota              84/100 remaining for refresh1
  · Refreshing …2432910635  (17/28)  (account: refresh1)
  ✓ …2432910635  refresh clicked
  Quota              83/100 remaining for refresh1
  · Refreshing …8203989006  (18/28)  (account: refresh1)
  ✓ …8203989006  refresh clicked
  Quota              82/100 remaining for refresh1
  · Refreshing …6703678579  (19/28)  (account: refresh1)
  ✓ …6703678579  refresh clicked
  Quota              81/100 remaining for refresh1
  · Proactive browser restart after 19 tokens
  ⚠ Cleaned up 4 stale Chrome process(es)
  · Chrome profile  /Users/admin/.refresh/chrome-bscscan/profiles/refresh1  (Default)
  · Chrome version_main  151
  · Checking Chrome profile session for refresh1
  · Trying saved cookies for refresh1 before Selenium login
  ⚠ Could not verify logged-in username (expected refresh1)
  ⚠ Saved cookies did not restore session for refresh1
  ⚠ Saved session unavailable for refresh1 — full login required
  · Logging in  refresh1
  · Step 1/3  Selenium login  refresh1
  · Login attempt 1/5  refresh1
  · Login page open  https://bscscan.com/login
  ✓ Filled username/password for refresh1
  · Waiting for Turnstile (complete captcha in browser if shown)...
  ✓ Turnstile completed
  · Clicking LOGIN...
  ✓ Logged in as refresh1
  ✓ Login successful  refresh1
  · Step 2/3  Open first token NFT page  …9271053128
  ·            https://bscscan.com/nft/0xF8646A3Ca093e97Bb404c3b25e675C0394DD5b30/4972341566617668249098250463132779793493578688492515952639783460049271053128
  ✓ NFT page loaded  …9271053128
  ✓ Session ready  refresh1  (81/100 left, started 2026-08-24T10:32:54Z)
  · Refreshing …9271053128  (20/28)  (account: refresh1)
  ✓ …9271053128  refresh clicked
  Quota              80/100 remaining for refresh1
  · Refreshing …6973777876  (21/28)  (account: refresh1)
  ✓ …6973777876  refresh clicked
  Quota              79/100 remaining for refresh1
  · Refreshing …7666516245  (22/28)  (account: refresh1)
  ✓ …7666516245  refresh clicked
  Quota              78/100 remaining for refresh1
  · Refreshing …1346603060  (23/28)  (account: refresh1)
  ✓ …1346603060  refresh clicked
  Quota              77/100 remaining for refresh1
  · Refreshing …6288204781  (24/28)  (account: refresh1)
  ✓ …6288204781  refresh clicked
  Quota              76/100 remaining for refresh1
  · Refreshing …9552920307  (25/28)  (account: refresh1)
  ✓ …9552920307  refresh clicked
  Quota              75/100 remaining for refresh1
  · Refreshing …7480762416  (26/28)  (account: refresh1)
  ✓ …7480762416  refresh clicked
  Quota              74/100 remaining for refresh1
  · Refreshing …6115140673  (27/28)  (account: refresh1)
  ✓ …6115140673  refresh clicked
  Quota              73/100 remaining for refresh1
  · Refreshing …1324786322  (28/28)  (account: refresh1)
  ✓ …1324786322  refresh clicked
  Quota              72/100 remaining for refresh1

── Refresh results ─────────────────────
  Succeeded          28
  Failed             0
  Total              28

══════════════════════════════════════════════════
  Workflow complete
══════════════════════════════════════════════════
=== exit 0 at Mon Aug 24 18:40:25 HKT 2026 ===
=== git push log: Mon Aug 24 18:40:25 HKT 2026 ===
