=== refresh daily run: Wed Sep  2 18:30:03 HKT 2026 ===
repo=/Users/admin/refresh-metadata/refresh-metadata-tool
python=/usr/bin/python3 (Python 3.9.6)
args=<full pipeline>
/Users/admin/Library/Python/3.9/lib/python/site-packages/urllib3/__init__.py:35: NotOpenSSLWarning: urllib3 v2 only supports OpenSSL 1.1.1+, currently the 'ssl' module is compiled with 'LibreSSL 2.8.3'. See: https://github.com/urllib3/urllib3/issues/3020
  warnings.warn(

══════════════════════════════════════════════════
  BscScan Metadata Workflow
══════════════════════════════════════════════════

── Step 1: Update tokens.csv from Google Sheet ─────

  ▸ Fetch shared token sheet (CSV export)
  ✓ Pulled 44 token ids from sheet 1OgtsuOP2eKQays_mWAzVK2eRoQKP1QYVRsquGOafH7w (gid=0)

── Run inputs ──────────────────────────
  Tokens in CSV      44

── Step 2: Ensure starting crawl cookie (account 1) 
  Account pool       refresh1
  · Re-logging in 1 account(s) via Selenium (steps 1→2→3)
  · First tokenId  36708550960649782064650399207846193517906386123637256584272585768509135053081  (from tokens.csv)
  · [1/1] refresh1
  · Chrome profile  /Users/admin/.refresh/chrome-bscscan/profiles/refresh1  (Default)
  · Chrome version_main  152
  · Step 1/3  Selenium login  refresh1
  · Login attempt 1/5  refresh1
  · Login page open  https://bscscan.com/login
  ✓ Filled username/password for refresh1
  · Waiting for Turnstile (complete captcha in browser if shown)...
  ✓ Turnstile completed
  · Clicking LOGIN...
  ✓ Logged in as refresh1
  ✓ Login successful  refresh1
  · Step 2/3  Open first token NFT page  …9135053081
  ·            https://bscscan.com/nft/0xF8646A3Ca093e97Bb404c3b25e675C0394DD5b30/36708550960649782064650399207846193517906386123637256584272585768509135053081
  ✓ NFT page loaded  …9135053081
  · Step 3/3  Capture cookie + userAgent  refresh1
  ✓ Captured  10 cookies  cf_clearance=True  session=True
  ✓ Saved to account state  refresh1

── Step 3: Reset compare output files ──────────────
  ✓ Progress reset: progress.json
  ✓ Report reset:   report.json

── Step 4: Crawl — compare BscScan vs on-chain metadata 

  ▸ crawl/compare.py
/Users/admin/Library/Python/3.9/lib/python/site-packages/urllib3/__init__.py:35: NotOpenSSLWarning: urllib3 v2 only supports OpenSSL 1.1.1+, currently the 'ssl' module is compiled with 'LibreSSL 2.8.3'. See: https://github.com/urllib3/urllib3/issues/3020
  warnings.warn(

══════════════════════════════════════════════════
  Crawl — BscScan vs on-chain metadata
══════════════════════════════════════════════════
  Account pool       refresh1, refresh2, refresh3, refresh4, refresh5, refresh6, refresh7, refresh8, refresh9, refresh10, refresh11, refresh12, refresh13, refresh14, refresh15, refresh16, refresh17, refresh18, refresh19, refresh20
  Active account     refresh1

── Run config ──────────────────────────
  Total tokens       44
  Already done       0
  Remaining          44
  Concurrency        10
  RPC                https://bsc-dataseed.binance.org
  ⚠ …9135053081  out_of_sync (4 diffs)
  ⚠ …3294814642  out_of_sync (3 diffs)
  ✓ …3376431588  in_sync
  ✓ …9389370264  in_sync
  ✓ …1779061408  in_sync
  ✓ …1261552390  in_sync
  ✓ …0286379569  in_sync
  ✓ …8139129240  in_sync
  ✓ …5304843378  in_sync
  ✓ …3750194786  in_sync
  · Batch done — 10/44 tokens
  ✓ …5210477846  in_sync
  ⚠ …8470777646  out_of_sync (5 diffs)
  ✓ …0889948234  in_sync
  ✗ …7375147702  <urlopen error [Errno 60] Operation timed out>
  ✓ …6558826039  in_sync
  ✓ …7138227659  in_sync
  ✓ …0445768577  in_sync
  ✓ …1102322641  in_sync
  ✓ …7534608644  in_sync
  ✓ …0573657230  in_sync
  · Batch done — 20/44 tokens
  ✗ …8076218255  [Errno 60] Operation timed out
  ✓ …6069342719  in_sync
  ✓ …2063140772  in_sync
  ✓ …4586785673  in_sync
  ✓ …8948377829  in_sync
  ✓ …1856174991  in_sync
  ✓ …3023028842  in_sync
  ✓ …7942499837  in_sync
  ✓ …1735230480  in_sync
  ✓ …6159251385  in_sync
  · Batch done — 30/44 tokens
  ✓ …3118026937  in_sync
  ✓ …2436786800  in_sync
  ⚠ …2382151162  out_of_sync (4 diffs)
  ⚠ …2452722564  out_of_sync (5 diffs)
  ⚠ …7741308061  out_of_sync (5 diffs)
  ⚠ …7199976562  out_of_sync (5 diffs)
  ⚠ …5652170454  out_of_sync (5 diffs)
  ⚠ …7078741757  out_of_sync (4 diffs)
  ✗ …8245862498  The read operation timed out
  ⚠ …3445815783  out_of_sync (4 diffs)
  · Batch done — 40/44 tokens
  ⚠ …9261343890  out_of_sync (4 diffs)
  ⚠ …4873945328  out_of_sync (1 diffs)
  ⚠ …6787773799  out_of_sync (5 diffs)
  ⚠ …8377571176  out_of_sync (5 diffs)
  · Batch done — 44/44 tokens

── Crawl results ───────────────────────
  in_sync            27
  out_of_sync        14
  errors             3
  Progress file      progress.json
  Report file        report.json
  Report contents    14 out_of_sync, 3 errors

── Step 5: Refresh out-of-sync + crawl-error tokens (Selenium) 
  Out-of-sync        14
  Crawl errors       3
  To refresh         17
  Accounts needed    1
  Account pool       refresh1,refresh2,refresh3,refresh4,refresh5,refresh6,refresh7,refresh8,refresh9,refresh10,refresh11,refresh12,refresh13,refresh14,refresh15,refresh16,refresh17,refresh18,refresh19,refresh20

  ▸ refresh-metadata/refresh.py
/Users/admin/Library/Python/3.9/lib/python/site-packages/urllib3/__init__.py:35: NotOpenSSLWarning: urllib3 v2 only supports OpenSSL 1.1.1+, currently the 'ssl' module is compiled with 'LibreSSL 2.8.3'. See: https://github.com/urllib3/urllib3/issues/3020
  warnings.warn(

══════════════════════════════════════════════════
  Refresh — Selenium
══════════════════════════════════════════════════

── Run config ──────────────────────────
  Source             report.json
  Out-of-sync        14
  Crawl errors       3
  Tokens             17
  Limit per account  100 tokens
  Delay              5.0s between tokens
  Account pool       refresh1, refresh2, refresh3, refresh4, refresh5, refresh6, refresh7, refresh8, refresh9, refresh10, refresh11, refresh12, refresh13, refresh14, refresh15, refresh16, refresh17, refresh18, refresh19, refresh20
  Active account     refresh1

── Refresh quota (today) ───────────────
  refresh1           100/100 left (used 0, since not started)
  refresh2           100/100 left (used 0, since not started)
  refresh3           100/100 left (used 0, since not started)
  refresh4           100/100 left (used 0, since not started)
  refresh5           100/100 left (used 0, since not started)
  refresh6           100/100 left (used 0, since not started)
  refresh7           100/100 left (used 0, since not started)
  refresh8           100/100 left (used 0, since not started)
  refresh9           100/100 left (used 0, since not started)
  refresh10          100/100 left (used 0, since not started)
  refresh11          100/100 left (used 0, since not started)
  refresh12          100/100 left (used 0, since not started)
  refresh13          100/100 left (used 0, since not started)
  refresh14          100/100 left (used 0, since not started)
  refresh15          100/100 left (used 0, since not started)
  refresh16          100/100 left (used 0, since not started)
  refresh17          100/100 left (used 0, since not started)
  refresh18          100/100 left (used 0, since not started)
  refresh19          100/100 left (used 0, since not started)
  refresh20          100/100 left (used 0, since not started)
  · Chrome profile  /Users/admin/.refresh/chrome-bscscan/profiles/refresh1  (Default)
  · Chrome version_main  152
  · Checking Chrome profile session for refresh1
  ⚠ Saved session unavailable for refresh1 — full login required
  · Logging in  refresh1
  · Step 1/3  Selenium login  refresh1
  · Login attempt 1/5  refresh1
  · Login page open  https://bscscan.com/login
  ✓ Filled username/password for refresh1
  · Waiting for Turnstile (complete captcha in browser if shown)...
  ✓ Turnstile completed
  · Clicking LOGIN...
  ✓ Logged in as refresh1
  ✓ Login successful  refresh1
  · Step 2/3  Open first token NFT page  …9135053081
  ·            https://bscscan.com/nft/0xF8646A3Ca093e97Bb404c3b25e675C0394DD5b30/36708550960649782064650399207846193517906386123637256584272585768509135053081
  ✓ NFT page loaded  …9135053081
  ✓ Session ready  refresh1  (100/100 left, started 2026-09-02T10:33:47Z)
  · Refreshing …9135053081  (1/17)  (account: refresh1)
  ✓ …9135053081  refresh clicked
  Quota              99/100 remaining for refresh1
  · Refreshing …3294814642  (2/17)  (account: refresh1)
  ✓ …3294814642  refresh clicked
  Quota              98/100 remaining for refresh1
  · Refreshing …8470777646  (3/17)  (account: refresh1)
  ✓ …8470777646  refresh clicked
  Quota              97/100 remaining for refresh1
  · Refreshing …2382151162  (4/17)  (account: refresh1)
  ✓ …2382151162  refresh clicked
  Quota              96/100 remaining for refresh1
  · Refreshing …2452722564  (5/17)  (account: refresh1)
  ✓ …2452722564  refresh clicked
  Quota              95/100 remaining for refresh1
  · Refreshing …7741308061  (6/17)  (account: refresh1)
  ✓ …7741308061  refresh clicked
  Quota              94/100 remaining for refresh1
  · Refreshing …7199976562  (7/17)  (account: refresh1)
  ✓ …7199976562  refresh clicked
  Quota              93/100 remaining for refresh1
  · Refreshing …5652170454  (8/17)  (account: refresh1)
  ✓ …5652170454  refresh clicked
  Quota              92/100 remaining for refresh1
  · Refreshing …7078741757  (9/17)  (account: refresh1)
  ✓ …7078741757  refresh clicked
  Quota              91/100 remaining for refresh1
  · Refreshing …3445815783  (10/17)  (account: refresh1)
  ✓ …3445815783  refresh clicked
  Quota              90/100 remaining for refresh1
  · Refreshing …9261343890  (11/17)  (account: refresh1)
  ✓ …9261343890  refresh clicked
  Quota              89/100 remaining for refresh1
  · Refreshing …4873945328  (12/17)  (account: refresh1)
  ✓ …4873945328  refresh clicked
  Quota              88/100 remaining for refresh1
  · Refreshing …6787773799  (13/17)  (account: refresh1)
  ✓ …6787773799  refresh clicked
  Quota              87/100 remaining for refresh1
  · Refreshing …8377571176  (14/17)  (account: refresh1)
  ✓ …8377571176  refresh clicked
  Quota              86/100 remaining for refresh1
  · Refreshing …7375147702  (15/17)  (account: refresh1)
  ✓ …7375147702  refresh clicked
  Quota              85/100 remaining for refresh1
  · Refreshing …8076218255  (16/17)  (account: refresh1)
  ✓ …8076218255  refresh clicked
  Quota              84/100 remaining for refresh1
  · Refreshing …8245862498  (17/17)  (account: refresh1)
  ✓ …8245862498  refresh clicked
  Quota              83/100 remaining for refresh1

── Refresh results ─────────────────────
  Succeeded          17
  Failed             0
  Total              17

══════════════════════════════════════════════════
  Workflow complete
══════════════════════════════════════════════════
=== exit 0 at Wed Sep  2 18:37:49 HKT 2026 ===
=== git push log: Wed Sep  2 18:37:49 HKT 2026 ===
