=== refresh daily run: Fri Aug  7 18:30:01 HKT 2026 ===
repo=/Users/admin/refresh-metadata/refresh-metadata-tool
python=/usr/bin/python3 (Python 3.9.6)
args=<full pipeline>
/Users/admin/Library/Python/3.9/lib/python/site-packages/urllib3/__init__.py:35: NotOpenSSLWarning: urllib3 v2 only supports OpenSSL 1.1.1+, currently the 'ssl' module is compiled with 'LibreSSL 2.8.3'. See: https://github.com/urllib3/urllib3/issues/3020
  warnings.warn(

══════════════════════════════════════════════════
  BscScan Metadata Workflow
══════════════════════════════════════════════════

── Step 1: Update tokens.csv from Google Sheet ─────

  ▸ Fetch shared token sheet (CSV export)
  ✓ Pulled 100 token ids from sheet 1OgtsuOP2eKQays_mWAzVK2eRoQKP1QYVRsquGOafH7w (gid=0)

── Run inputs ──────────────────────────
  Tokens in CSV      100

── Step 2: Ensure starting crawl cookie (account 1) 
  Account pool       refresh1
  · Re-logging in 1 account(s) via Selenium (steps 1→2→3)
  · First tokenId  88560162835683290377078486698558275075903352581790324012225747778004583509222  (from tokens.csv)
  · [1/1] refresh1
  · Chrome profile  /Users/admin/.refresh/chrome-bscscan/profiles/refresh1  (Default)
  · Chrome version_main  151
  · Step 1/3  Selenium login  refresh1
  · Login attempt 1/5  refresh1
  · Login page open  https://bscscan.com/login
  ✓ Filled username/password for refresh1
  · Waiting for Turnstile (complete captcha in browser if shown)...
  ✓ Turnstile completed
  · Clicking LOGIN...
  ✓ Logged in as refresh1
  ✓ Login successful  refresh1
  · Step 2/3  Open first token NFT page  …4583509222
  ·            https://bscscan.com/nft/0xF8646A3Ca093e97Bb404c3b25e675C0394DD5b30/88560162835683290377078486698558275075903352581790324012225747778004583509222
  ✓ NFT page loaded  …4583509222
  · Step 3/3  Capture cookie + userAgent  refresh1
  ✓ Captured  10 cookies  cf_clearance=True  session=True
  ✓ Saved to account state  refresh1

── Step 3: Reset compare output files ──────────────
  ✓ Progress reset: progress.json
  ✓ Report reset:   report.json

── Step 4: Crawl — compare BscScan vs on-chain metadata 

  ▸ crawl/compare.py
/Users/admin/Library/Python/3.9/lib/python/site-packages/urllib3/__init__.py:35: NotOpenSSLWarning: urllib3 v2 only supports OpenSSL 1.1.1+, currently the 'ssl' module is compiled with 'LibreSSL 2.8.3'. See: https://github.com/urllib3/urllib3/issues/3020
  warnings.warn(

══════════════════════════════════════════════════
  Crawl — BscScan vs on-chain metadata
══════════════════════════════════════════════════
  Account pool       refresh1, refresh2, refresh3, refresh4, refresh5, refresh6, refresh7, refresh8, refresh9, refresh10, refresh11, refresh12, refresh13, refresh14, refresh15, refresh16, refresh17, refresh18, refresh19, refresh20
  Active account     refresh1

── Run config ──────────────────────────
  Total tokens       100
  Already done       0
  Remaining          100
  Concurrency        10
  RPC                https://bsc-dataseed.binance.org
  ⚠ …4583509222  out_of_sync (5 diffs)
  ✓ …3715187393  in_sync
  ⚠ …6114968120  out_of_sync (5 diffs)
  ✓ …4173847097  in_sync
  ⚠ …1897135321  out_of_sync (5 diffs)
  ✓ …3636046787  in_sync
  ⚠ …0669379290  out_of_sync (5 diffs)
  ⚠ …8756909255  out_of_sync (4 diffs)
  ⚠ …6194248603  out_of_sync (4 diffs)
  ⚠ …2988957999  out_of_sync (5 diffs)
  · Batch done — 10/100 tokens
  ⚠ …9217858909  out_of_sync (5 diffs)
  ⚠ …2532126187  out_of_sync (4 diffs)
  ⚠ …8479636473  out_of_sync (5 diffs)
  ⚠ …7362020650  out_of_sync (4 diffs)
  ⚠ …9998681085  out_of_sync (5 diffs)
  ⚠ …0624815875  out_of_sync (4 diffs)
  ⚠ …1549462905  out_of_sync (4 diffs)
  ⚠ …5366262552  out_of_sync (5 diffs)
  ✗ …7958988714  The read operation timed out
  ⚠ …5804723732  out_of_sync (5 diffs)
  · Batch done — 20/100 tokens
  ⚠ …0513211251  out_of_sync (5 diffs)
  ⚠ …1094083417  out_of_sync (5 diffs)
  ⚠ …3237031509  out_of_sync (4 diffs)
  ⚠ …2387807615  out_of_sync (5 diffs)
  ⚠ …8858717261  out_of_sync (5 diffs)
  ⚠ …3790493576  out_of_sync (4 diffs)
  ⚠ …5714360489  out_of_sync (5 diffs)
  ⚠ …5311266938  out_of_sync (4 diffs)
  ⚠ …5250648003  out_of_sync (4 diffs)
  ⚠ …4238741707  out_of_sync (4 diffs)
  · Batch done — 30/100 tokens
  ⚠ …0654361358  out_of_sync (4 diffs)
  ⚠ …1469358355  out_of_sync (4 diffs)
  ⚠ …4121013689  out_of_sync (4 diffs)
  ⚠ …6250084301  out_of_sync (5 diffs)
  ⚠ …7542111769  out_of_sync (4 diffs)
  ⚠ …7022957399  out_of_sync (5 diffs)
  ⚠ …2877160384  out_of_sync (4 diffs)
  ⚠ …9402120156  out_of_sync (4 diffs)
  ⚠ …9346969382  out_of_sync (4 diffs)
  ⚠ …9690533504  out_of_sync (4 diffs)
  · Batch done — 40/100 tokens
  ⚠ …5639655897  out_of_sync (5 diffs)
  ⚠ …9084431675  out_of_sync (5 diffs)
  ⚠ …2921211995  out_of_sync (4 diffs)
  ⚠ …5383554909  out_of_sync (5 diffs)
  ⚠ …7525760620  out_of_sync (4 diffs)
  ⚠ …0024616568  out_of_sync (4 diffs)
  ⚠ …2609188291  out_of_sync (5 diffs)
  ⚠ …8654606447  out_of_sync (5 diffs)
  ⚠ …8362575052  out_of_sync (5 diffs)
  ⚠ …6579924554  out_of_sync (5 diffs)
  · Batch done — 50/100 tokens
  ⚠ …2625215571  out_of_sync (5 diffs)
  ⚠ …9014572669  out_of_sync (4 diffs)
  ⚠ …1689264549  out_of_sync (4 diffs)
  ⚠ …9431141466  out_of_sync (4 diffs)
  ⚠ …5170168401  out_of_sync (5 diffs)
  ⚠ …3248052257  out_of_sync (5 diffs)
  ⚠ …1740254401  out_of_sync (5 diffs)
  ⚠ …9455172019  out_of_sync (4 diffs)
  ⚠ …9771960771  out_of_sync (4 diffs)
  ⚠ …2872264888  out_of_sync (4 diffs)
  · Batch done — 60/100 tokens
  ⚠ …4804863942  out_of_sync (5 diffs)
  ⚠ …3418758601  out_of_sync (5 diffs)
  ⚠ …6218924391  out_of_sync (4 diffs)
  ✗ …4271740230  Remote end closed connection without response
  ⚠ …0088688418  out_of_sync (5 diffs)
  ⚠ …3779525506  out_of_sync (5 diffs)
  ⚠ …5514215590  out_of_sync (4 diffs)
  ⚠ …0070586069  out_of_sync (5 diffs)
  ⚠ …9059372592  out_of_sync (4 diffs)
  ⚠ …3084541397  out_of_sync (4 diffs)
  · Batch done — 70/100 tokens
  ⚠ …4590372945  out_of_sync (4 diffs)
  ⚠ …7945951892  out_of_sync (4 diffs)
  ⚠ …3953112139  out_of_sync (4 diffs)
  ⚠ …7685810794  out_of_sync (5 diffs)
  ⚠ …2668378486  out_of_sync (5 diffs)
  ⚠ …8504138960  out_of_sync (5 diffs)
  ⚠ …6032545438  out_of_sync (4 diffs)
  ⚠ …5163981083  out_of_sync (4 diffs)
  ⚠ …4505030559  out_of_sync (5 diffs)
  ⚠ …8780791127  out_of_sync (5 diffs)
  · Batch done — 80/100 tokens
  ⚠ …5963427620  out_of_sync (5 diffs)
  ⚠ …3901637825  out_of_sync (4 diffs)
  ⚠ …8244431444  out_of_sync (4 diffs)
  ⚠ …4072241316  out_of_sync (4 diffs)
  ✗ …1506437479  <urlopen error [Errno 60] Operation timed out>
  ⚠ …1432983345  out_of_sync (4 diffs)
  ⚠ …3392808303  out_of_sync (5 diffs)
  ⚠ …5399398557  out_of_sync (4 diffs)
  ⚠ …6630138205  out_of_sync (5 diffs)
  ✗ …5467993839  <urlopen error [Errno 60] Operation timed out>
  · Batch done — 90/100 tokens
  ⚠ …1556603038  out_of_sync (5 diffs)
  ⚠ …7170519628  out_of_sync (4 diffs)
  ✓ …2217399130  in_sync
  ✓ …8495572307  in_sync
  ✓ …9335168528  in_sync
  ⚠ …7506018130  out_of_sync (5 diffs)
  ⚠ …6586047058  out_of_sync (3 diffs)
  ⚠ …2110615621  out_of_sync (4 diffs)
  ⚠ …5582689216  out_of_sync (4 diffs)
  ⚠ …4998224390  out_of_sync (4 diffs)
  · Batch done — 100/100 tokens

── Crawl results ───────────────────────
  in_sync            6
  out_of_sync        90
  errors             4
  Progress file      progress.json
  Report file        report.json
  Report contents    90 out_of_sync, 4 errors

── Step 5: Refresh out-of-sync + crawl-error tokens (Selenium) 
  Out-of-sync        90
  Crawl errors       4
  To refresh         94
  Accounts needed    1
  Account pool       refresh1,refresh2,refresh3,refresh4,refresh5,refresh6,refresh7,refresh8,refresh9,refresh10,refresh11,refresh12,refresh13,refresh14,refresh15,refresh16,refresh17,refresh18,refresh19,refresh20

  ▸ refresh-metadata/refresh.py
/Users/admin/Library/Python/3.9/lib/python/site-packages/urllib3/__init__.py:35: NotOpenSSLWarning: urllib3 v2 only supports OpenSSL 1.1.1+, currently the 'ssl' module is compiled with 'LibreSSL 2.8.3'. See: https://github.com/urllib3/urllib3/issues/3020
  warnings.warn(

══════════════════════════════════════════════════
  Refresh — Selenium
══════════════════════════════════════════════════

── Run config ──────────────────────────
  Source             report.json
  Out-of-sync        90
  Crawl errors       4
  Tokens             94
  Limit per account  100 tokens
  Delay              5.0s between tokens
  Account pool       refresh1, refresh2, refresh3, refresh4, refresh5, refresh6, refresh7, refresh8, refresh9, refresh10, refresh11, refresh12, refresh13, refresh14, refresh15, refresh16, refresh17, refresh18, refresh19, refresh20
  Active account     refresh1

── Refresh quota (today) ───────────────
  refresh1           100/100 left (used 0, since not started)
  refresh2           100/100 left (used 0, since not started)
  refresh3           100/100 left (used 0, since not started)
  refresh4           100/100 left (used 0, since not started)
  refresh5           100/100 left (used 0, since not started)
  refresh6           100/100 left (used 0, since not started)
  refresh7           100/100 left (used 0, since not started)
  refresh8           100/100 left (used 0, since not started)
  refresh9           100/100 left (used 0, since not started)
  refresh10          100/100 left (used 0, since not started)
  refresh11          100/100 left (used 0, since not started)
  refresh12          100/100 left (used 0, since not started)
  refresh13          100/100 left (used 0, since not started)
  refresh14          100/100 left (used 0, since not started)
  refresh15          100/100 left (used 0, since not started)
  refresh16          100/100 left (used 0, since not started)
  refresh17          100/100 left (used 0, since not started)
  refresh18          100/100 left (used 0, since not started)
  refresh19          100/100 left (used 0, since not started)
  refresh20          100/100 left (used 0, since not started)
  · Chrome profile  /Users/admin/.refresh/chrome-bscscan/profiles/refresh1  (Default)
  · Chrome version_main  151
  · Checking Chrome profile session for refresh1
  ⚠ Saved session unavailable for refresh1 — full login required
  · Logging in  refresh1
  · Step 1/3  Selenium login  refresh1
  · Login attempt 1/5  refresh1
  · Login page open  https://bscscan.com/login
  ✓ Filled username/password for refresh1
  · Waiting for Turnstile (complete captcha in browser if shown)...
  ✓ Turnstile completed
  · Clicking LOGIN...
  ✓ Logged in as refresh1
  ✓ Login successful  refresh1
  · Step 2/3  Open first token NFT page  …4583509222
  ·            https://bscscan.com/nft/0xF8646A3Ca093e97Bb404c3b25e675C0394DD5b30/88560162835683290377078486698558275075903352581790324012225747778004583509222
  ✓ NFT page loaded  …4583509222
  ✓ Session ready  refresh1  (100/100 left, started 2026-08-07T10:34:05Z)
  · Refreshing …4583509222  (1/94)  (account: refresh1)
  ✓ …4583509222  refresh clicked
  Quota              99/100 remaining for refresh1
  · Refreshing …6114968120  (2/94)  (account: refresh1)
  ✓ …6114968120  refresh clicked
  Quota              98/100 remaining for refresh1
  · Refreshing …1897135321  (3/94)  (account: refresh1)
  ✓ …1897135321  refresh clicked
  Quota              97/100 remaining for refresh1
  · Refreshing …0669379290  (4/94)  (account: refresh1)
  ✓ …0669379290  refresh clicked
  Quota              96/100 remaining for refresh1
  · Refreshing …8756909255  (5/94)  (account: refresh1)
  ✓ …8756909255  refresh clicked
  Quota              95/100 remaining for refresh1
  · Refreshing …6194248603  (6/94)  (account: refresh1)
  ✓ …6194248603  refresh clicked
  Quota              94/100 remaining for refresh1
  · Refreshing …2988957999  (7/94)  (account: refresh1)
  ✓ …2988957999  refresh clicked
  Quota              93/100 remaining for refresh1
  · Refreshing …9217858909  (8/94)  (account: refresh1)
  ✓ …9217858909  refresh clicked
  Quota              92/100 remaining for refresh1
  · Refreshing …2532126187  (9/94)  (account: refresh1)
  ✓ …2532126187  refresh clicked
  Quota              91/100 remaining for refresh1
  · Refreshing …8479636473  (10/94)  (account: refresh1)
  ✓ …8479636473  refresh clicked
  Quota              90/100 remaining for refresh1
  · Refreshing …7362020650  (11/94)  (account: refresh1)
  ✓ …7362020650  refresh clicked
  Quota              89/100 remaining for refresh1
  · Refreshing …9998681085  (12/94)  (account: refresh1)
  ✓ …9998681085  refresh clicked
  Quota              88/100 remaining for refresh1
  · Refreshing …0624815875  (13/94)  (account: refresh1)
  ✓ …0624815875  refresh clicked
  Quota              87/100 remaining for refresh1
  · Refreshing …1549462905  (14/94)  (account: refresh1)
  ✓ …1549462905  refresh clicked
  Quota              86/100 remaining for refresh1
  · Refreshing …5366262552  (15/94)  (account: refresh1)
  ✓ …5366262552  refresh clicked
  Quota              85/100 remaining for refresh1
  · Refreshing …5804723732  (16/94)  (account: refresh1)
  ✓ …5804723732  refresh clicked
  Quota              84/100 remaining for refresh1
  · Refreshing …0513211251  (17/94)  (account: refresh1)
  ✓ …0513211251  refresh clicked
  Quota              83/100 remaining for refresh1
  · Refreshing …1094083417  (18/94)  (account: refresh1)
  ✓ …1094083417  refresh clicked
  Quota              82/100 remaining for refresh1
  · Refreshing …3237031509  (19/94)  (account: refresh1)
  ✓ …3237031509  refresh clicked
  Quota              81/100 remaining for refresh1
  · Proactive browser restart after 19 tokens
  · Chrome profile  /Users/admin/.refresh/chrome-bscscan/profiles/refresh1  (Default)
  · Chrome version_main  151
  · Checking Chrome profile session for refresh1
  · Trying saved cookies for refresh1 before Selenium login
  ⚠ Could not verify logged-in username (expected refresh1)
  ⚠ Saved cookies did not restore session for refresh1
  ⚠ Saved session unavailable for refresh1 — full login required
  · Logging in  refresh1
  · Step 1/3  Selenium login  refresh1
  · Login attempt 1/5  refresh1
  · Login page open  https://bscscan.com/login
  ✓ Filled username/password for refresh1
  · Waiting for Turnstile (complete captcha in browser if shown)...
  ✓ Turnstile completed
  · Clicking LOGIN...
  ✓ Logged in as refresh1
  ✓ Login successful  refresh1
  · Step 2/3  Open first token NFT page  …2387807615
  ·            https://bscscan.com/nft/0xF8646A3Ca093e97Bb404c3b25e675C0394DD5b30/38954477462971657404997307969359759400477061831459452246955540369312387807615
  ✓ NFT page loaded  …2387807615
  ✓ Session ready  refresh1  (81/100 left, started 2026-08-07T10:34:05Z)
  · Refreshing …2387807615  (20/94)  (account: refresh1)
  ✓ …2387807615  refresh clicked
  Quota              80/100 remaining for refresh1
  · Refreshing …8858717261  (21/94)  (account: refresh1)
  ✓ …8858717261  refresh clicked
  Quota              79/100 remaining for refresh1
  · Refreshing …3790493576  (22/94)  (account: refresh1)
  ✓ …3790493576  refresh clicked
  Quota              78/100 remaining for refresh1
  · Refreshing …5714360489  (23/94)  (account: refresh1)
  ✓ …5714360489  refresh clicked
  Quota              77/100 remaining for refresh1
  · Refreshing …5311266938  (24/94)  (account: refresh1)
  ✓ …5311266938  refresh clicked
  Quota              76/100 remaining for refresh1
  · Refreshing …5250648003  (25/94)  (account: refresh1)
  ✓ …5250648003  refresh clicked
  Quota              75/100 remaining for refresh1
  · Refreshing …4238741707  (26/94)  (account: refresh1)
  ✓ …4238741707  refresh clicked
  Quota              74/100 remaining for refresh1
  · Refreshing …0654361358  (27/94)  (account: refresh1)
  ✓ …0654361358  refresh clicked
  Quota              73/100 remaining for refresh1
  · Refreshing …1469358355  (28/94)  (account: refresh1)
  ✓ …1469358355  refresh clicked
  Quota              72/100 remaining for refresh1
  · Refreshing …4121013689  (29/94)  (account: refresh1)
  ✓ …4121013689  refresh clicked
  Quota              71/100 remaining for refresh1
  · Refreshing …6250084301  (30/94)  (account: refresh1)
  ✓ …6250084301  refresh clicked
  Quota              70/100 remaining for refresh1
  · Refreshing …7542111769  (31/94)  (account: refresh1)
  ⚠ Rotated to refresh2
  · Switching browser session to refresh2
  · Chrome profile  /Users/admin/.refresh/chrome-bscscan/profiles/refresh2  (Default)
  · Chrome version_main  151
  · Checking Chrome profile session for refresh2
  ⚠ Saved session unavailable for refresh2 — full login required
  · Logging in  refresh2
  · Step 1/3  Selenium login  refresh2
  · Login attempt 1/5  refresh2
  · Login page open  https://bscscan.com/login
  ✓ Filled username/password for refresh2
  · Waiting for Turnstile (complete captcha in browser if shown)...
  ✓ Turnstile completed
  · Clicking LOGIN...
  ✓ Logged in as refresh2
  ✓ Login successful  refresh2
  · Step 2/3  Open first token NFT page  …7542111769
  ·            https://bscscan.com/nft/0xF8646A3Ca093e97Bb404c3b25e675C0394DD5b30/70296053214076098393817503914761847683615227577897406867986917612717542111769
  ✓ NFT page loaded  …7542111769
  ✓ Session ready  refresh2  (100/100 left, started 2026-08-07T10:43:37Z)
  ✓ …7542111769  refresh clicked
  Quota              99/100 remaining for refresh2
  · Refreshing …7022957399  (32/94)  (account: refresh2)
  ✓ …7022957399  refresh clicked
  Quota              98/100 remaining for refresh2
  · Refreshing …2877160384  (33/94)  (account: refresh2)
  ✓ …2877160384  refresh clicked
  Quota              97/100 remaining for refresh2
  · Refreshing …9402120156  (34/94)  (account: refresh2)
  ✓ …9402120156  refresh clicked
  Quota              96/100 remaining for refresh2
  · Refreshing …9346969382  (35/94)  (account: refresh2)
  ✓ …9346969382  refresh clicked
  Quota              95/100 remaining for refresh2
  · Refreshing …9690533504  (36/94)  (account: refresh2)
  ✓ …9690533504  refresh clicked
  Quota              94/100 remaining for refresh2
  · Refreshing …5639655897  (37/94)  (account: refresh2)
  ✓ …5639655897  refresh clicked
  Quota              93/100 remaining for refresh2
  · Refreshing …9084431675  (38/94)  (account: refresh2)
  ✓ …9084431675  refresh clicked
  Quota              92/100 remaining for refresh2
  · Proactive browser restart after 19 tokens
  · Chrome profile  /Users/admin/.refresh/chrome-bscscan/profiles/refresh2  (Default)
  · Chrome version_main  151
  · Checking Chrome profile session for refresh2
  · Trying saved cookies for refresh2 before Selenium login
  ⚠ Could not verify logged-in username (expected refresh2)
  ⚠ Saved cookies did not restore session for refresh2
  ⚠ Saved session unavailable for refresh2 — full login required
  · Logging in  refresh2
  · Step 1/3  Selenium login  refresh2
  · Login attempt 1/5  refresh2
  · Login page open  https://bscscan.com/login
  ✓ Filled username/password for refresh2
  · Waiting for Turnstile (complete captcha in browser if shown)...
  ✓ Turnstile completed
  · Clicking LOGIN...
  ✓ Logged in as refresh2
  ✓ Login successful  refresh2
  · Step 2/3  Open first token NFT page  …2921211995
  ·            https://bscscan.com/nft/0xF8646A3Ca093e97Bb404c3b25e675C0394DD5b30/104245269470098743460803467889961924433663386768495301305347131075612921211995
  ✓ NFT page loaded  …2921211995
  ✓ Session ready  refresh2  (92/100 left, started 2026-08-07T10:43:37Z)
  · Refreshing …2921211995  (39/94)  (account: refresh2)
  ✓ …2921211995  refresh clicked
  Quota              91/100 remaining for refresh2
  · Refreshing …5383554909  (40/94)  (account: refresh2)
  ✓ …5383554909  refresh clicked
  Quota              90/100 remaining for refresh2
  · Refreshing …7525760620  (41/94)  (account: refresh2)
  ✓ …7525760620  refresh clicked
  Quota              89/100 remaining for refresh2
  · Refreshing …0024616568  (42/94)  (account: refresh2)
  ✓ …0024616568  refresh clicked
  Quota              88/100 remaining for refresh2
  · Refreshing …2609188291  (43/94)  (account: refresh2)
  ✓ …2609188291  refresh clicked
  Quota              87/100 remaining for refresh2
  · Refreshing …8654606447  (44/94)  (account: refresh2)
  ✓ …8654606447  refresh clicked
  Quota              86/100 remaining for refresh2
  · Refreshing …8362575052  (45/94)  (account: refresh2)
  ✓ …8362575052  refresh clicked
  Quota              85/100 remaining for refresh2
  · Refreshing …6579924554  (46/94)  (account: refresh2)
  ✓ …6579924554  refresh clicked
  Quota              84/100 remaining for refresh2
  · Refreshing …2625215571  (47/94)  (account: refresh2)
  ✓ …2625215571  refresh clicked
  Quota              83/100 remaining for refresh2
  · Refreshing …9014572669  (48/94)  (account: refresh2)
  ✓ …9014572669  refresh clicked
  Quota              82/100 remaining for refresh2
  · Refreshing …1689264549  (49/94)  (account: refresh2)
  ✓ …1689264549  refresh clicked
  Quota              81/100 remaining for refresh2
  · Refreshing …9431141466  (50/94)  (account: refresh2)
  ✓ …9431141466  refresh clicked
  Quota              80/100 remaining for refresh2
  · Refreshing …5170168401  (51/94)  (account: refresh2)
  ✓ …5170168401  refresh clicked
  Quota              79/100 remaining for refresh2
  · Refreshing …3248052257  (52/94)  (account: refresh2)
  ✓ …3248052257  refresh clicked
  Quota              78/100 remaining for refresh2
  · Refreshing …1740254401  (53/94)  (account: refresh2)
  ✓ …1740254401  refresh clicked
  Quota              77/100 remaining for refresh2
  · Refreshing …9455172019  (54/94)  (account: refresh2)
  ✓ …9455172019  refresh clicked
  Quota              76/100 remaining for refresh2
  · Refreshing …9771960771  (55/94)  (account: refresh2)
  ✓ …9771960771  refresh clicked
  Quota              75/100 remaining for refresh2
  · Refreshing …2872264888  (56/94)  (account: refresh2)
  ✓ …2872264888  refresh clicked
  Quota              74/100 remaining for refresh2
  · Refreshing …4804863942  (57/94)  (account: refresh2)
  ⚠ Page load timed out — stopping load and continuing
  ⚠ Browser error (ReadTimeoutError) — restarting Chrome (1/2)
  ⚠ Cleaned up 7 stale Chrome process(es)
  · Chrome profile  /Users/admin/.refresh/chrome-bscscan/profiles/refresh2  (Default)
  · Chrome version_main  151
  · Checking Chrome profile session for refresh2
  · Trying saved cookies for refresh2 before Selenium login
  ⚠ Could not verify logged-in username (expected refresh2)
  ⚠ Saved cookies did not restore session for refresh2
  ⚠ Saved session unavailable for refresh2 — full login required
  · Logging in  refresh2
  · Step 1/3  Selenium login  refresh2
  · Login attempt 1/5  refresh2
  · Login page open  https://bscscan.com/login
  ✓ Filled username/password for refresh2
  · Waiting for Turnstile (complete captcha in browser if shown)...
  ✓ Turnstile completed
  · Clicking LOGIN...
  ✓ Logged in as refresh2
  ✓ Login successful  refresh2
  · Step 2/3  Open first token NFT page  …4804863942
  ·            https://bscscan.com/nft/0xF8646A3Ca093e97Bb404c3b25e675C0394DD5b30/6006309176296699580010193926682394172105782958201581334944786709804804863942
  ✓ NFT page loaded  …4804863942
  ✓ Session ready  refresh2  (74/100 left, started 2026-08-07T10:43:37Z)
  ✓ …4804863942  refresh clicked
  Quota              73/100 remaining for refresh2
  · Proactive browser restart after 19 tokens
  · Chrome profile  /Users/admin/.refresh/chrome-bscscan/profiles/refresh2  (Default)
  · Chrome version_main  151
  · Checking Chrome profile session for refresh2
  · Trying saved cookies for refresh2 before Selenium login
  ⚠ Could not verify logged-in username (expected refresh2)
  ⚠ Saved cookies did not restore session for refresh2
  ⚠ Saved session unavailable for refresh2 — full login required
  · Logging in  refresh2
  · Step 1/3  Selenium login  refresh2
  · Login attempt 1/5  refresh2
  · Login page open  https://bscscan.com/login
  ✓ Filled username/password for refresh2
  · Waiting for Turnstile (complete captcha in browser if shown)...
  ✓ Turnstile completed
  · Clicking LOGIN...
  ✓ Logged in as refresh2
  ✓ Login successful  refresh2
  · Step 2/3  Open first token NFT page  …3418758601
  ·            https://bscscan.com/nft/0xF8646A3Ca093e97Bb404c3b25e675C0394DD5b30/61807284399008495002515540884359282065783370590561200527818721622303418758601
  ✓ NFT page loaded  …3418758601
  ✓ Session ready  refresh2  (73/100 left, started 2026-08-07T10:43:37Z)
  · Refreshing …3418758601  (58/94)  (account: refresh2)
  ✓ …3418758601  refresh clicked
  Quota              72/100 remaining for refresh2
  · Refreshing …6218924391  (59/94)  (account: refresh2)
  ✓ …6218924391  refresh clicked
  Quota              71/100 remaining for refresh2
  · Refreshing …0088688418  (60/94)  (account: refresh2)
  ✓ …0088688418  refresh clicked
  Quota              70/100 remaining for refresh2
  · Refreshing …3779525506  (61/94)  (account: refresh2)
  ✓ …3779525506  refresh clicked
  Quota              69/100 remaining for refresh2
  · Refreshing …5514215590  (62/94)  (account: refresh2)
  ✓ …5514215590  refresh clicked
  Quota              68/100 remaining for refresh2
  · Refreshing …0070586069  (63/94)  (account: refresh2)
  ✓ …0070586069  refresh clicked
  Quota              67/100 remaining for refresh2
  · Refreshing …9059372592  (64/94)  (account: refresh2)
  ✓ …9059372592  refresh clicked
  Quota              66/100 remaining for refresh2
  · Refreshing …3084541397  (65/94)  (account: refresh2)
  ✓ …3084541397  refresh clicked
  Quota              65/100 remaining for refresh2
  · Refreshing …4590372945  (66/94)  (account: refresh2)
  ✓ …4590372945  refresh clicked
  Quota              64/100 remaining for refresh2
  · Refreshing …7945951892  (67/94)  (account: refresh2)
  ✓ …7945951892  refresh clicked
  Quota              63/100 remaining for refresh2
  · Refreshing …3953112139  (68/94)  (account: refresh2)
  ✓ …3953112139  refresh clicked
  Quota              62/100 remaining for refresh2
  · Refreshing …7685810794  (69/94)  (account: refresh2)
  ✓ …7685810794  refresh clicked
  Quota              61/100 remaining for refresh2
  · Refreshing …2668378486  (70/94)  (account: refresh2)
  ✓ …2668378486  refresh clicked
  Quota              60/100 remaining for refresh2
  · Refreshing …8504138960  (71/94)  (account: refresh2)
  ✓ …8504138960  refresh clicked
  Quota              59/100 remaining for refresh2
  · Refreshing …6032545438  (72/94)  (account: refresh2)
  ✓ …6032545438  refresh clicked
  Quota              58/100 remaining for refresh2
  · Refreshing …5163981083  (73/94)  (account: refresh2)
  ✓ …5163981083  refresh clicked
  Quota              57/100 remaining for refresh2
  · Refreshing …4505030559  (74/94)  (account: refresh2)
  ✓ …4505030559  refresh clicked
  Quota              56/100 remaining for refresh2
  · Refreshing …8780791127  (75/94)  (account: refresh2)
  ✓ …8780791127  refresh clicked
  Quota              55/100 remaining for refresh2
  · Refreshing …5963427620  (76/94)  (account: refresh2)
  ✓ …5963427620  refresh clicked
  Quota              54/100 remaining for refresh2
  · Proactive browser restart after 19 tokens
  ⚠ Cleaned up 4 stale Chrome process(es)
  · Chrome profile  /Users/admin/.refresh/chrome-bscscan/profiles/refresh2  (Default)
  · Chrome version_main  151
  · Checking Chrome profile session for refresh2
  · Trying saved cookies for refresh2 before Selenium login
  ⚠ Could not verify logged-in username (expected refresh2)
  ⚠ Saved cookies did not restore session for refresh2
  ⚠ Saved session unavailable for refresh2 — full login required
  · Logging in  refresh2
  · Step 1/3  Selenium login  refresh2
  · Login attempt 1/5  refresh2
  · Login page open  https://bscscan.com/login
  ✓ Filled username/password for refresh2
  · Waiting for Turnstile (complete captcha in browser if shown)...
  ✓ Turnstile completed
  · Clicking LOGIN...
  ✓ Logged in as refresh2
  ✓ Login successful  refresh2
  · Step 2/3  Open first token NFT page  …3901637825
  ·            https://bscscan.com/nft/0xF8646A3Ca093e97Bb404c3b25e675C0394DD5b30/100441459508830777722353377159287932325656418695468558754875633015063901637825
  ✓ NFT page loaded  …3901637825
  ✓ Session ready  refresh2  (54/100 left, started 2026-08-07T10:43:37Z)
  · Refreshing …3901637825  (77/94)  (account: refresh2)
  ✓ …3901637825  refresh clicked
  Quota              53/100 remaining for refresh2
  · Refreshing …8244431444  (78/94)  (account: refresh2)
  ✓ …8244431444  refresh clicked
  Quota              52/100 remaining for refresh2
  · Refreshing …4072241316  (79/94)  (account: refresh2)
  ✓ …4072241316  refresh clicked
  Quota              51/100 remaining for refresh2
  · Refreshing …1432983345  (80/94)  (account: refresh2)
  ✓ …1432983345  refresh clicked
  Quota              50/100 remaining for refresh2
  · Refreshing …3392808303  (81/94)  (account: refresh2)
  ✓ …3392808303  refresh clicked
  Quota              49/100 remaining for refresh2
  · Refreshing …5399398557  (82/94)  (account: refresh2)
  ✓ …5399398557  refresh clicked
  Quota              48/100 remaining for refresh2
  · Refreshing …6630138205  (83/94)  (account: refresh2)
  ✓ …6630138205  refresh clicked
  Quota              47/100 remaining for refresh2
  · Refreshing …1556603038  (84/94)  (account: refresh2)
  ✓ …1556603038  refresh clicked
  Quota              46/100 remaining for refresh2
  · Refreshing …7170519628  (85/94)  (account: refresh2)
  ✓ …7170519628  refresh clicked
  Quota              45/100 remaining for refresh2
  · Refreshing …7506018130  (86/94)  (account: refresh2)
  ✓ …7506018130  refresh clicked
  Quota              44/100 remaining for refresh2
  · Refreshing …6586047058  (87/94)  (account: refresh2)
  ✓ …6586047058  refresh clicked
  Quota              43/100 remaining for refresh2
  · Refreshing …2110615621  (88/94)  (account: refresh2)
  ✓ …2110615621  refresh clicked
  Quota              42/100 remaining for refresh2
  · Refreshing …5582689216  (89/94)  (account: refresh2)
  ✓ …5582689216  refresh clicked
  Quota              41/100 remaining for refresh2
  · Refreshing …4998224390  (90/94)  (account: refresh2)
  ✓ …4998224390  refresh clicked
  Quota              40/100 remaining for refresh2
  · Refreshing …7958988714  (91/94)  (account: refresh2)
  ✓ …7958988714  refresh clicked
  Quota              39/100 remaining for refresh2
  · Refreshing …4271740230  (92/94)  (account: refresh2)
  ✓ …4271740230  refresh clicked
  Quota              38/100 remaining for refresh2
  · Refreshing …1506437479  (93/94)  (account: refresh2)
  ✓ …1506437479  refresh clicked
  Quota              37/100 remaining for refresh2
  · Refreshing …5467993839  (94/94)  (account: refresh2)
  ✓ …5467993839  refresh clicked
  Quota              36/100 remaining for refresh2

── Refresh results ─────────────────────
  Succeeded          94
  Failed             0
  Total              94

══════════════════════════════════════════════════
  Workflow complete
══════════════════════════════════════════════════
=== exit 0 at Fri Aug  7 19:05:50 HKT 2026 ===
=== git push log: Fri Aug  7 19:05:50 HKT 2026 ===
