=== refresh daily run: Mon Aug 10 18:30:00 HKT 2026 ===
repo=/Users/admin/refresh-metadata/refresh-metadata-tool
python=/usr/bin/python3 (Python 3.9.6)
args=<full pipeline>
/Users/admin/Library/Python/3.9/lib/python/site-packages/urllib3/__init__.py:35: NotOpenSSLWarning: urllib3 v2 only supports OpenSSL 1.1.1+, currently the 'ssl' module is compiled with 'LibreSSL 2.8.3'. See: https://github.com/urllib3/urllib3/issues/3020
  warnings.warn(

══════════════════════════════════════════════════
  BscScan Metadata Workflow
══════════════════════════════════════════════════

── Step 1: Update tokens.csv from Google Sheet ─────

  ▸ Fetch shared token sheet (CSV export)
  ✓ Pulled 17 token ids from sheet 1OgtsuOP2eKQays_mWAzVK2eRoQKP1QYVRsquGOafH7w (gid=0)

── Run inputs ──────────────────────────
  Tokens in CSV      17

── Step 2: Ensure starting crawl cookie (account 1) 
  Account pool       refresh1
  · Re-logging in 1 account(s) via Selenium (steps 1→2→3)
  · First tokenId  85120075189578270989685118546322226288404862599857877850799205277715679854670  (from tokens.csv)
  · [1/1] refresh1
  · Chrome profile  /Users/admin/.refresh/chrome-bscscan/profiles/refresh1  (Default)
  · Chrome version_main  151
  · Step 1/3  Selenium login  refresh1
  · Login attempt 1/5  refresh1
  · Login page open  https://bscscan.com/login
  ✓ Filled username/password for refresh1
  · Waiting for Turnstile (complete captcha in browser if shown)...
  ✓ Turnstile completed
  · Clicking LOGIN...
  ✓ Logged in as refresh1
  ✓ Login successful  refresh1
  · Step 2/3  Open first token NFT page  …5679854670
  ·            https://bscscan.com/nft/0xF8646A3Ca093e97Bb404c3b25e675C0394DD5b30/85120075189578270989685118546322226288404862599857877850799205277715679854670
  ✓ NFT page loaded  …5679854670
  · Step 3/3  Capture cookie + userAgent  refresh1
  ✓ Captured  10 cookies  cf_clearance=True  session=True
  ✓ Saved to account state  refresh1

── Step 3: Reset compare output files ──────────────
  ✓ Progress reset: progress.json
  ✓ Report reset:   report.json

── Step 4: Crawl — compare BscScan vs on-chain metadata 

  ▸ crawl/compare.py
/Users/admin/Library/Python/3.9/lib/python/site-packages/urllib3/__init__.py:35: NotOpenSSLWarning: urllib3 v2 only supports OpenSSL 1.1.1+, currently the 'ssl' module is compiled with 'LibreSSL 2.8.3'. See: https://github.com/urllib3/urllib3/issues/3020
  warnings.warn(

══════════════════════════════════════════════════
  Crawl — BscScan vs on-chain metadata
══════════════════════════════════════════════════
  Account pool       refresh1, refresh2, refresh3, refresh4, refresh5, refresh6, refresh7, refresh8, refresh9, refresh10, refresh11, refresh12, refresh13, refresh14, refresh15, refresh16, refresh17, refresh18, refresh19, refresh20
  Active account     refresh1

── Run config ──────────────────────────
  Total tokens       17
  Already done       0
  Remaining          17
  Concurrency        10
  RPC                https://bsc-dataseed.binance.org
  ⚠ …5679854670  out_of_sync (5 diffs)
  ⚠ …9460524311  out_of_sync (5 diffs)
  ⚠ …7358038084  out_of_sync (4 diffs)
  ✓ …0412201118  in_sync
  ⚠ …8430344965  out_of_sync (4 diffs)
  ⚠ …3518520000  out_of_sync (4 diffs)
  ⚠ …7575978229  out_of_sync (4 diffs)
  ⚠ …7706708732  out_of_sync (4 diffs)
  ⚠ …8454474524  out_of_sync (4 diffs)
  ⚠ …9083353281  out_of_sync (5 diffs)
  · Batch done — 10/17 tokens
  ⚠ …9835568955  out_of_sync (4 diffs)
  ⚠ …1328692957  out_of_sync (5 diffs)
  ⚠ …0545811481  out_of_sync (4 diffs)
  ⚠ …7374198531  out_of_sync (5 diffs)
  ✓ …8212377423  in_sync
  ✓ …0786805350  in_sync
  ✓ …6756522165  in_sync
  · Batch done — 17/17 tokens

── Crawl results ───────────────────────
  in_sync            4
  out_of_sync        13
  errors             0
  Progress file      progress.json
  Report file        report.json
  Report contents    13 out_of_sync, 0 errors

── Step 5: Refresh out-of-sync + crawl-error tokens (Selenium) 
  Out-of-sync        13
  To refresh         13
  Accounts needed    1
  Account pool       refresh1,refresh2,refresh3,refresh4,refresh5,refresh6,refresh7,refresh8,refresh9,refresh10,refresh11,refresh12,refresh13,refresh14,refresh15,refresh16,refresh17,refresh18,refresh19,refresh20

  ▸ refresh-metadata/refresh.py
/Users/admin/Library/Python/3.9/lib/python/site-packages/urllib3/__init__.py:35: NotOpenSSLWarning: urllib3 v2 only supports OpenSSL 1.1.1+, currently the 'ssl' module is compiled with 'LibreSSL 2.8.3'. See: https://github.com/urllib3/urllib3/issues/3020
  warnings.warn(

══════════════════════════════════════════════════
  Refresh — Selenium
══════════════════════════════════════════════════

── Run config ──────────────────────────
  Source             report.json
  Out-of-sync        13
  Tokens             13
  Limit per account  100 tokens
  Delay              5.0s between tokens
  Account pool       refresh1, refresh2, refresh3, refresh4, refresh5, refresh6, refresh7, refresh8, refresh9, refresh10, refresh11, refresh12, refresh13, refresh14, refresh15, refresh16, refresh17, refresh18, refresh19, refresh20
  Active account     refresh1

── Refresh quota (today) ───────────────
  refresh1           100/100 left (used 0, since not started)
  refresh2           100/100 left (used 0, since not started)
  refresh3           100/100 left (used 0, since not started)
  refresh4           100/100 left (used 0, since not started)
  refresh5           100/100 left (used 0, since not started)
  refresh6           100/100 left (used 0, since not started)
  refresh7           100/100 left (used 0, since not started)
  refresh8           100/100 left (used 0, since not started)
  refresh9           100/100 left (used 0, since not started)
  refresh10          100/100 left (used 0, since not started)
  refresh11          100/100 left (used 0, since not started)
  refresh12          100/100 left (used 0, since not started)
  refresh13          100/100 left (used 0, since not started)
  refresh14          100/100 left (used 0, since not started)
  refresh15          100/100 left (used 0, since not started)
  refresh16          100/100 left (used 0, since not started)
  refresh17          100/100 left (used 0, since not started)
  refresh18          100/100 left (used 0, since not started)
  refresh19          100/100 left (used 0, since not started)
  refresh20          100/100 left (used 0, since not started)
  · Chrome profile  /Users/admin/.refresh/chrome-bscscan/profiles/refresh1  (Default)
  · Chrome version_main  151
  · Checking Chrome profile session for refresh1
  ⚠ Saved session unavailable for refresh1 — full login required
  · Logging in  refresh1
  · Step 1/3  Selenium login  refresh1
  · Login attempt 1/5  refresh1
  · Login page open  https://bscscan.com/login
  ✓ Filled username/password for refresh1
  · Waiting for Turnstile (complete captcha in browser if shown)...
  ✓ Turnstile completed
  · Clicking LOGIN...
  ✓ Logged in as refresh1
  ✓ Login successful  refresh1
  · Step 2/3  Open first token NFT page  …5679854670
  ·            https://bscscan.com/nft/0xF8646A3Ca093e97Bb404c3b25e675C0394DD5b30/85120075189578270989685118546322226288404862599857877850799205277715679854670
  ✓ NFT page loaded  …5679854670
  ✓ Session ready  refresh1  (100/100 left, started 2026-08-10T10:31:32Z)
  · Refreshing …5679854670  (1/13)  (account: refresh1)
  ✓ …5679854670  refresh clicked
  Quota              99/100 remaining for refresh1
  · Refreshing …9460524311  (2/13)  (account: refresh1)
  ✓ …9460524311  refresh clicked
  Quota              98/100 remaining for refresh1
  · Refreshing …7358038084  (3/13)  (account: refresh1)
  ✓ …7358038084  refresh clicked
  Quota              97/100 remaining for refresh1
  · Refreshing …8430344965  (4/13)  (account: refresh1)
  ✓ …8430344965  refresh clicked
  Quota              96/100 remaining for refresh1
  · Refreshing …3518520000  (5/13)  (account: refresh1)
  ✓ …3518520000  refresh clicked
  Quota              95/100 remaining for refresh1
  · Refreshing …7575978229  (6/13)  (account: refresh1)
  ✓ …7575978229  refresh clicked
  Quota              94/100 remaining for refresh1
  · Refreshing …7706708732  (7/13)  (account: refresh1)
  ✓ …7706708732  refresh clicked
  Quota              93/100 remaining for refresh1
  · Refreshing …8454474524  (8/13)  (account: refresh1)
  ✓ …8454474524  refresh clicked
  Quota              92/100 remaining for refresh1
  · Refreshing …9083353281  (9/13)  (account: refresh1)
  ✓ …9083353281  refresh clicked
  Quota              91/100 remaining for refresh1
  · Refreshing …9835568955  (10/13)  (account: refresh1)
  ✓ …9835568955  refresh clicked
  Quota              90/100 remaining for refresh1
  · Refreshing …1328692957  (11/13)  (account: refresh1)
  ✓ …1328692957  refresh clicked
  Quota              89/100 remaining for refresh1
  · Refreshing …0545811481  (12/13)  (account: refresh1)
  ✓ …0545811481  refresh clicked
  Quota              88/100 remaining for refresh1
  · Refreshing …7374198531  (13/13)  (account: refresh1)
  ✓ …7374198531  refresh clicked
  Quota              87/100 remaining for refresh1

── Refresh results ─────────────────────
  Succeeded          13
  Failed             0
  Total              13

══════════════════════════════════════════════════
  Workflow complete
══════════════════════════════════════════════════
=== exit 0 at Mon Aug 10 18:34:36 HKT 2026 ===
=== git push log: Mon Aug 10 18:34:36 HKT 2026 ===
