=== refresh run: 2026-10-07 18:30:00.619777 ===
repo=/Users/admin/refresh-metadata/refresh-metadata-tool
python=/Library/Developer/CommandLineTools/usr/bin/python3 (3.9.6)
args=<full pipeline>

══════════════════════════════════════════════════
  BscScan Metadata Workflow
══════════════════════════════════════════════════

── Step 1: Update tokens.csv from Google Sheet ─────

  ▸ Fetch shared token sheet (CSV export)
  ✓ Pulled 29 token ids from sheet 1OgtsuOP2eKQays_mWAzVK2eRoQKP1QYVRsquGOafH7w (gid=0)

── Run inputs ──────────────────────────
  Tokens in CSV      29

── Step 2: Ensure starting crawl cookie (account 1) 
  Account pool       refresh1
  · Re-logging in 1 account(s) via Selenium (steps 1→2→3)
  · First tokenId  65173852886994941185005979168535322373425805013926551968517851733695009103037  (from tokens.csv)
  · [1/1] refresh1
  · Chrome profile  /Users/admin/.refresh/chrome-bscscan/profiles/refresh1  (Default)
  · Chrome version_main  154
  · Chrome started  (1.2s, cached chromedriver)
  · Checking Chrome profile session for refresh1
  ✓ Session recovered from Chrome profile  refresh1
  · Step 2/3  Open first token NFT page  …5009103037
  ·            https://bscscan.com/nft/0xF8646A3Ca093e97Bb404c3b25e675C0394DD5b30/65173852886994941185005979168535322373425805013926551968517851733695009103037
  ✓ NFT page loaded  …5009103037
  ✓ Reused Chrome profile session — no Turnstile login needed  refresh1
  · Step 3/3  Capture cookie + userAgent  refresh1
  ✓ Captured  12 cookies  cf_clearance=True  session=True
  ✓ Saved to account state  refresh1

── Step 3: Reset compare output files ──────────────
  ✓ Progress reset: progress.json
  ✓ Report reset:   report.json

── Step 4: Crawl — compare BscScan vs on-chain metadata 

  ▸ crawl/compare.py
/Users/admin/Library/Python/3.9/lib/python/site-packages/urllib3/__init__.py:35: NotOpenSSLWarning: urllib3 v2 only supports OpenSSL 1.1.1+, currently the 'ssl' module is compiled with 'LibreSSL 2.8.3'. See: https://github.com/urllib3/urllib3/issues/3020
  warnings.warn(

══════════════════════════════════════════════════
  Crawl — BscScan vs on-chain metadata
══════════════════════════════════════════════════
  Account pool       refresh1, refresh2, refresh3, refresh4, refresh5, refresh6, refresh7, refresh8, refresh9, refresh10, refresh11, refresh12, refresh13, refresh14, refresh15, refresh16, refresh17, refresh18, refresh19, refresh20
  Active account     refresh1

── Run config ──────────────────────────
  Total tokens       29
  Already done       0
  Remaining          29
  Concurrency        50
  RPC                https://bsc-dataseed.binance.org
    ⚠ …9661436585  metadata retry 1/2: [Errno 60] Operation timed out
  ✓ …5009103037  in_sync
  ✓ …3680044159  in_sync
  ✓ …0317835695  in_sync
  ✓ …3750110121  in_sync
  ✓ …9310807769  in_sync
  ✓ …6227905973  in_sync
  ✓ …9638129501  in_sync
  ✓ …9641697221  in_sync
  ✓ …5905997637  in_sync
  ✓ …6764440646  in_sync
  ✓ …7050912138  in_sync
  ✓ …2198834609  in_sync
  ✓ …2434856614  in_sync
  ✓ …4117184186  in_sync
  ✓ …2841035551  in_sync
  ✓ …9753883168  in_sync
  ✓ …8465906301  in_sync
  ✓ …8373495745  in_sync
  ✓ …2093269244  in_sync
  ✓ …9786819590  in_sync
  ✓ …0583511806  in_sync
  ✓ …9661436585  in_sync
  ✓ …6769465017  in_sync
  ✓ …5491940421  in_sync
  ✓ …3009205701  in_sync
  ✓ …1769387534  in_sync
  ✓ …1517480572  in_sync
  ⚠ …2423549206  out_of_sync (3 diffs)
  ⚠ …3463762114  out_of_sync (4 diffs)
  · Batch done — 29/29 tokens

── Crawl results ───────────────────────
  in_sync            27
  out_of_sync        2
  errors             0
  Progress file      progress.json
  Report file        report.json
  Report contents    2 out_of_sync, 0 errors

── Step 5: Refresh out-of-sync + crawl-error tokens (Selenium) 
  Out-of-sync        2
  To refresh         2
  Accounts needed    1
  Account pool       refresh1,refresh2,refresh3,refresh4,refresh5,refresh6,refresh7,refresh8,refresh9,refresh10,refresh11,refresh12,refresh13,refresh14,refresh15,refresh16,refresh17,refresh18,refresh19,refresh20

  ▸ refresh-metadata/refresh.py
/Users/admin/Library/Python/3.9/lib/python/site-packages/urllib3/__init__.py:35: NotOpenSSLWarning: urllib3 v2 only supports OpenSSL 1.1.1+, currently the 'ssl' module is compiled with 'LibreSSL 2.8.3'. See: https://github.com/urllib3/urllib3/issues/3020
  warnings.warn(

══════════════════════════════════════════════════
  Refresh — Selenium
══════════════════════════════════════════════════

── Run config ──────────────────────────
  Source             report.json
  Out-of-sync        2
  Tokens             2
  Limit per account  100 tokens
  Delay              5.0s between tokens
  Retry passes       1
  Account pool       refresh1, refresh2, refresh3, refresh4, refresh5, refresh6, refresh7, refresh8, refresh9, refresh10, refresh11, refresh12, refresh13, refresh14, refresh15, refresh16, refresh17, refresh18, refresh19, refresh20
  Active account     refresh1

── Refresh quota (today) ───────────────
  refresh1           100/100 left (used 0, since not started)
  refresh2           100/100 left (used 0, since not started)
  refresh3           100/100 left (used 0, since not started)
  refresh4           100/100 left (used 0, since not started)
  refresh5           100/100 left (used 0, since not started)
  refresh6           100/100 left (used 0, since not started)
  refresh7           100/100 left (used 0, since not started)
  refresh8           100/100 left (used 0, since not started)
  refresh9           100/100 left (used 0, since not started)
  refresh10          100/100 left (used 0, since not started)
  refresh11          100/100 left (used 0, since not started)
  refresh12          100/100 left (used 0, since not started)
  refresh13          100/100 left (used 0, since not started)
  refresh14          100/100 left (used 0, since not started)
  refresh15          100/100 left (used 0, since not started)
  refresh16          100/100 left (used 0, since not started)
  refresh17          100/100 left (used 0, since not started)
  refresh18          100/100 left (used 0, since not started)
  refresh19          100/100 left (used 0, since not started)
  refresh20          100/100 left (used 0, since not started)
  · Chrome profile  /Users/admin/.refresh/chrome-bscscan/profiles/refresh1  (Default)
  · Chrome version_main  154
  · Chrome started  (1.2s, cached chromedriver)
  · Checking Chrome profile session for refresh1
  ✓ Session recovered from Chrome profile  refresh1
  · Step 2/3  Open first token NFT page  …2423549206
  ·            https://bscscan.com/nft/0xF8646A3Ca093e97Bb404c3b25e675C0394DD5b30/16691406975091327251228331398772001493473596679155258188826279220922423549206
  ✓ NFT page loaded  …2423549206
  ✓ Session ready  refresh1  (100/100 left, started 2026-10-07T10:30:45Z)
  · Refreshing …2423549206  (1/2)  (account: refresh1)
    · BscScan says: We've queued this item for an update, please check back later.
  ✓ …2423549206  refresh clicked  (7.8s)
  Quota              99/100 remaining for refresh1
  · Refreshing …3463762114  (2/2)  (account: refresh1)
    · BscScan says: We've queued this item for an update, please check back later.
  ✓ …3463762114  refresh clicked  (7.9s)
  Quota              98/100 remaining for refresh1

── Refresh results ─────────────────────
  Succeeded          2
  Failed             0
  Not attempted      0
  Total              2

══════════════════════════════════════════════════
  Workflow complete
══════════════════════════════════════════════════
=== exit 0 at 2026-10-07 18:31:09.046911 ===
