=== refresh daily run: Fri Aug 28 18:46:04 HKT 2026 ===
repo=/Users/admin/refresh-metadata/refresh-metadata-tool
python=/usr/bin/python3 (Python 3.9.6)
args=<full pipeline>
/Users/admin/Library/Python/3.9/lib/python/site-packages/urllib3/__init__.py:35: NotOpenSSLWarning: urllib3 v2 only supports OpenSSL 1.1.1+, currently the 'ssl' module is compiled with 'LibreSSL 2.8.3'. See: https://github.com/urllib3/urllib3/issues/3020
  warnings.warn(

══════════════════════════════════════════════════
  BscScan Metadata Workflow
══════════════════════════════════════════════════

── Step 1: Update tokens.csv from Google Sheet ─────

  ▸ Fetch shared token sheet (CSV export)
  ✓ Pulled 994 token ids from sheet 1OgtsuOP2eKQays_mWAzVK2eRoQKP1QYVRsquGOafH7w (gid=0)

── Run inputs ──────────────────────────
  Tokens in CSV      994

── Step 2: Ensure starting crawl cookie (account 1) 
  Account pool       refresh1
  · Re-logging in 1 account(s) via Selenium (steps 1→2→3)
  · First tokenId  47876886276522035232949208179728614647745103402552385350845601752911130817385  (from tokens.csv)
  · [1/1] refresh1
  · Chrome profile  /Users/admin/.refresh/chrome-bscscan/profiles/refresh1  (Default)
  · Chrome version_main  151
  · Step 1/3  Selenium login  refresh1
  · Login attempt 1/5  refresh1
  · Login page open  https://bscscan.com/login
  ✓ Filled username/password for refresh1
  · Waiting for Turnstile (complete captcha in browser if shown)...
  ✓ Turnstile completed
  · Clicking LOGIN...
  ⚠ Reloading login page after connection error
  · Login page open  https://bscscan.com/login
  ✓ Filled username/password for refresh1
  · Waiting for Turnstile (complete captcha in browser if shown)...
  ⚠ Turnstile not detected within 120s
  ⚠ Turnstile token missing before LOGIN — waiting...
  · Waiting for Turnstile (complete captcha in browser if shown)...
  ⚠ Turnstile not detected within 15s
  · Waiting for login  refresh1  (up to 5s, no action needed if browser already signed in)
  ⚠ Login not detected for refresh1 (unattended — will retry)
  · Login attempt 2/5  refresh1
Traceback (most recent call last):
  File "/Users/admin/refresh-metadata/refresh-metadata-tool/run_workflow.py", line 193, in <module>
    main()
  File "/Users/admin/refresh-metadata/refresh-metadata-tool/run_workflow.py", line 147, in main
    logged_accounts = ensure_cookies(1) or logged_accounts
  File "/Users/admin/refresh-metadata/refresh-metadata-tool/run_workflow.py", line 94, in ensure_cookies
    login.capture_account(pool, username, creds["password"], token_id, driver=None)
  File "/Users/admin/refresh-metadata/refresh-metadata-tool/accounts/login.py", line 762, in capture_account
    selenium_login(driver, username, password)
  File "/Users/admin/refresh-metadata/refresh-metadata-tool/accounts/login.py", line 697, in selenium_login
    login(driver, username, password)
  File "/Users/admin/refresh-metadata/refresh-metadata-tool/accounts/login.py", line 664, in login
    fill_credentials(driver, wait, username, password)
  File "/Users/admin/refresh-metadata/refresh-metadata-tool/accounts/login.py", line 350, in fill_credentials
    open_login_page(driver, wait)
  File "/Users/admin/refresh-metadata/refresh-metadata-tool/accounts/login.py", line 319, in open_login_page
    if "/login" not in driver.current_url.lower():
  File "/Users/admin/Library/Python/3.9/lib/python/site-packages/undetected_chromedriver/__init__.py", line 806, in __getattribute__
    return super().__getattribute__(item)
  File "/Users/admin/Library/Python/3.9/lib/python/site-packages/selenium/webdriver/remote/webdriver.py", line 587, in current_url
    return self.execute(Command.GET_CURRENT_URL)["value"]
  File "/Users/admin/Library/Python/3.9/lib/python/site-packages/selenium/webdriver/remote/webdriver.py", line 458, in execute
    self.error_handler.check_response(response)
  File "/Users/admin/Library/Python/3.9/lib/python/site-packages/selenium/webdriver/remote/errorhandler.py", line 232, in check_response
    raise exception_class(message, screen, stacktrace)
selenium.common.exceptions.TimeoutException: Message: timeout: Timed out receiving message from renderer: 60.000
  (Session info: chrome=151.0.7922.174)
Stacktrace:
0   undetected_chromedriver             0x00000001025e034a undetected_chromedriver + 4051786
1   undetected_chromedriver             0x000000010226fdbb undetected_chromedriver + 445883
2   undetected_chromedriver             0x000000010225da22 undetected_chromedriver + 371234
3   undetected_chromedriver             0x000000010225d616 undetected_chromedriver + 370198
4   undetected_chromedriver             0x000000010225b229 undetected_chromedriver + 361001
5   undetected_chromedriver             0x000000010225bb7f undetected_chromedriver + 363391
6   undetected_chromedriver             0x000000010226ad30 undetected_chromedriver + 425264
7   undetected_chromedriver             0x000000010227ed63 undetected_chromedriver + 507235
8   undetected_chromedriver             0x00000001022868bb undetected_chromedriver + 538811
9   undetected_chromedriver             0x000000010225c296 undetected_chromedriver + 365206
10  undetected_chromedriver             0x000000010227eabe undetected_chromedriver + 506558
11  undetected_chromedriver             0x000000010230c3e2 undetected_chromedriver + 1086434
12  undetected_chromedriver             0x00000001022b7e54 undetected_chromedriver + 740948
13  undetected_chromedriver             0x00000001022b8c21 undetected_chromedriver + 744481
14  undetected_chromedriver             0x00000001025ac8f8 undetected_chromedriver + 3840248
15  undetected_chromedriver             0x00000001025b0296 undetected_chromedriver + 3854998
16  undetected_chromedriver             0x00000001025924be undetected_chromedriver + 3732670
17  undetected_chromedriver             0x00000001025b0dd2 undetected_chromedriver + 3857874
18  undetected_chromedriver             0x0000000102583300 undetected_chromedriver + 3670784
19  undetected_chromedriver             0x00000001025ce4a8 undetected_chromedriver + 3978408
20  undetected_chromedriver             0x00000001025ce63c undetected_chromedriver + 3978812
21  undetected_chromedriver             0x00000001025dfff1 undetected_chromedriver + 4050929
22  libsystem_pthread.dylib             0x00007ff802a7be05 _pthread_start + 115
23  libsystem_pthread.dylib             0x00007ff802a77857 thread_start + 15

=== exit 1 at Fri Aug 28 20:30:32 HKT 2026 ===
=== git push log: Fri Aug 28 20:30:32 HKT 2026 ===
