=== refresh run: 2026-09-10 16:47:10.625891 ===
repo=/Users/admin/refresh-metadata/refresh-metadata-tool
python=/Library/Developer/CommandLineTools/usr/bin/python3 (3.9.6)
args=<full pipeline>

══════════════════════════════════════════════════
  BscScan Metadata Workflow
══════════════════════════════════════════════════

── Step 1: Update tokens.csv from Google Sheet ─────

  ▸ Fetch shared token sheet (CSV export)
  ✓ Pulled 230 token ids from sheet 1OgtsuOP2eKQays_mWAzVK2eRoQKP1QYVRsquGOafH7w (gid=0)

── Run inputs ──────────────────────────
  Tokens in CSV      230

── Step 2: Ensure starting crawl cookie (account 1) 
  Account pool       refresh1
  · Re-logging in 1 account(s) via Selenium (steps 1→2→3)
  · First tokenId  100856110441161436786950239498644820491042339031343429554372120938562005791435  (from tokens.csv)
  · [1/1] refresh1
  · Chrome profile  /Users/admin/.refresh/chrome-bscscan/profiles/refresh1  (Default)
  · Chrome version_main  152
  · Chrome started  (1.4s, cached chromedriver)
  · Checking Chrome profile session for refresh1
  · Chrome profile has no live session for refresh1 (landed on https://bscscan.com/login)
  · Step 1/3  Selenium login  refresh1
  · Login attempt 1/3  refresh1
  · Login page open  https://bscscan.com/login
  ✓ Filled username/password for refresh1  (remember me)
  · Waiting for Turnstile (complete captcha in browser if shown)...
  ✓ Turnstile completed (3.0s)
  · Clicking LOGIN...
  ✓ Logged in as refresh1
  ✓ Login successful  refresh1  (14.8s)
  · Step 2/3  Open first token NFT page  …2005791435
  ·            https://bscscan.com/nft/0xF8646A3Ca093e97Bb404c3b25e675C0394DD5b30/100856110441161436786950239498644820491042339031343429554372120938562005791435
  ✓ NFT page loaded  …2005791435
  · Step 3/3  Capture cookie + userAgent  refresh1
  ✓ Captured  11 cookies  cf_clearance=True  session=True
  ✓ Saved to account state  refresh1

── Step 3: Reset compare output files ──────────────
  ✓ Progress reset: progress.json
  ✓ Report reset:   report.json

── Step 4: Crawl — compare BscScan vs on-chain metadata 

  ▸ crawl/compare.py
/Users/admin/Library/Python/3.9/lib/python/site-packages/urllib3/__init__.py:35: NotOpenSSLWarning: urllib3 v2 only supports OpenSSL 1.1.1+, currently the 'ssl' module is compiled with 'LibreSSL 2.8.3'. See: https://github.com/urllib3/urllib3/issues/3020
  warnings.warn(

══════════════════════════════════════════════════
  Crawl — BscScan vs on-chain metadata
══════════════════════════════════════════════════
  Account pool       refresh1, refresh2, refresh3, refresh4, refresh5, refresh6, refresh7, refresh8, refresh9, refresh10, refresh11, refresh12, refresh13, refresh14, refresh15, refresh16, refresh17, refresh18, refresh19, refresh20
  Active account     refresh1

── Run config ──────────────────────────
  Total tokens       230
  Already done       0
  Remaining          230
  Concurrency        50
  RPC                https://bsc-dataseed.binance.org
    ⚠ …0484488766  bscscan retry 1/2: Remote end closed connection without response
    ⚠ …7732448783  rpc retry 1/2: [Errno 60] Operation timed out
    ⚠ …3900302731  metadata retry 1/2: [Errno 60] Operation timed out
  ✓ …2005791435  in_sync
  ✓ …6350255507  in_sync
  ✓ …6394538890  in_sync
  ✓ …2689952069  in_sync
  ✓ …6581010245  in_sync
  ✓ …8618482848  in_sync
  ✓ …3162804423  in_sync
  ✓ …8361835648  in_sync
  ✓ …8608273544  in_sync
  ✓ …4506777836  in_sync
  ✓ …0911655972  in_sync
  ✓ …8552840780  in_sync
  ✓ …9183035079  in_sync
  ✓ …5255001286  in_sync
  ✓ …8003861768  in_sync
  ✓ …0108102269  in_sync
  ✓ …7482088458  in_sync
  ✓ …5428276493  in_sync
  ✓ …7302978100  in_sync
  ✓ …8333389095  in_sync
  ✓ …6292347727  in_sync
  ✓ …8319405618  in_sync
  ✓ …5689995427  in_sync
  ✓ …2455743524  in_sync
  ✓ …5452128354  in_sync
  ✓ …9181475212  in_sync
  ✓ …0798539231  in_sync
  ✓ …9686097474  in_sync
  ✓ …1274245756  in_sync
  ✓ …0879834242  in_sync
  ✓ …0484488766  in_sync
  ✓ …1649133684  in_sync
  ✓ …8027601949  in_sync
  ✓ …5078471511  in_sync
  ✓ …5376320521  in_sync
  ✓ …3053198253  in_sync
  ✓ …2551705129  in_sync
  ✓ …8289663733  in_sync
  ✓ …3007636798  in_sync
  ✓ …1057471057  in_sync
  ✓ …7245298826  in_sync
  ✓ …6571476155  in_sync
  ✓ …3900302731  in_sync
  ✓ …7141538981  in_sync
  ✓ …4081019008  in_sync
  ✓ …7732448783  in_sync
  ✓ …8475150955  in_sync
  ✓ …1881275031  in_sync
  ✓ …7194723188  in_sync
  ✓ …9996230974  in_sync
  · Batch done — 50/230 tokens
    ⚠ …8614187332  rpc retry 1/2: [Errno 60] Operation timed out
    ⚠ …2565760932  rpc retry 1/2: [Errno 60] Operation timed out
    ⚠ …6848413763  rpc retry 1/2: [Errno 60] Operation timed out
    ⚠ …8106427421  metadata retry 1/2: [Errno 60] Operation timed out
  ✓ …2024002648  in_sync
  ✓ …9434688114  in_sync
  ✓ …6440107388  in_sync
  ✓ …2541290386  in_sync
  ✓ …2971425392  in_sync
  ✓ …9033577203  in_sync
  ✓ …5864930522  in_sync
  ✓ …8106427421  in_sync
  ✓ …4802785847  in_sync
  ✓ …7419493322  in_sync
  ✓ …8614187332  in_sync
  ✓ …9030410013  in_sync
  ✓ …9059424998  in_sync
  ✓ …9224758236  in_sync
  ✓ …0783366750  in_sync
  ✓ …5769285580  in_sync
  ✓ …9396266348  in_sync
  ✓ …1045387465  in_sync
  ✓ …5224300150  in_sync
  ✓ …4859677715  in_sync
  ✓ …4369160336  in_sync
  ✓ …9108754176  in_sync
  ✓ …5829841705  in_sync
  ✓ …7204952666  in_sync
  ✓ …4574242290  in_sync
  ✓ …4732764354  in_sync
  ✓ …5760813708  in_sync
  ✓ …2565760932  in_sync
  ✓ …2528856130  in_sync
  ✓ …6908843265  in_sync
  ✓ …1419394897  in_sync
  ✓ …9905726726  in_sync
  ✓ …1261621476  in_sync
  ✓ …7514683380  in_sync
  ✓ …0253365140  in_sync
  ✓ …7330415764  in_sync
  ✓ …4602436932  in_sync
  ✓ …1799521086  in_sync
  ✓ …5430941309  in_sync
  ✓ …9995520650  in_sync
  ✓ …2427348494  in_sync
  ✓ …3986868337  in_sync
  ✓ …1885885704  in_sync
  ✓ …3332368131  in_sync
  ✓ …9445387155  in_sync
  ✓ …8569768973  in_sync
  ✓ …6848413763  in_sync
  ✓ …7606911162  in_sync
  ✓ …3477204143  in_sync
  ✓ …1487178159  in_sync
  · Batch done — 100/230 tokens
    ⚠ …3763042294  bscscan retry 1/2: [Errno 54] Connection reset by peer
    ⚠ …5645325663  metadata retry 1/2: [Errno 60] Operation timed out
    ⚠ …5104794195  metadata retry 1/2: [Errno 60] Operation timed out
    ⚠ …9629468808  bscscan retry 1/2: The read operation timed out
  ✓ …5104794195  in_sync
  ✓ …4697519202  in_sync
  ✓ …9647594178  in_sync
  ✓ …1650981649  in_sync
  ✓ …8648693230  in_sync
  ✓ …8103099607  in_sync
  ✓ …8577217220  in_sync
  ✓ …6688343176  in_sync
  ✓ …4205151624  in_sync
  ✓ …6811530923  in_sync
  ✓ …2554719477  in_sync
  ✓ …8158189548  in_sync
  ✓ …8754266527  in_sync
  ✓ …8529122974  in_sync
  ✓ …0894624825  in_sync
  ✓ …3052890096  in_sync
  ✓ …4849317817  in_sync
  ✓ …4513923562  in_sync
  ✓ …1312796247  in_sync
  ✓ …7717381532  in_sync
  ✓ …3763042294  in_sync
  ✓ …1432804822  in_sync
  ✓ …6773518531  in_sync
  ✓ …6935613639  in_sync
  ✓ …2276733538  in_sync
  ✓ …1820966611  in_sync
  ✓ …7983157705  in_sync
  ✓ …0879761957  in_sync
  ✓ …1332173127  in_sync
  ✓ …3912637243  in_sync
  ✓ …5810677031  in_sync
  ✓ …8731563937  in_sync
  ✓ …9371754639  in_sync
  ✓ …2990073616  in_sync
  ✓ …5645325663  in_sync
  ✓ …1644507687  in_sync
  ✓ …7548362074  in_sync
  ✓ …3226592958  in_sync
  ✓ …8988068686  in_sync
  ✓ …5168088507  in_sync
  ✓ …0839911057  in_sync
  ✓ …2790152521  in_sync
  ✓ …6847601669  in_sync
  ✓ …9629468808  in_sync
  ✓ …0830506539  in_sync
  ✓ …9338258985  in_sync
  ✓ …5090603858  in_sync
  ✓ …1845816598  in_sync
  ✓ …9733546839  in_sync
  ✓ …1873533130  in_sync
  · Batch done — 150/230 tokens
    ⚠ …3432344885  bscscan retry 1/2: Remote end closed connection without response
    ⚠ …5606638289  rpc retry 1/2: [Errno 60] Operation timed out
    ⚠ …1113126884  rpc retry 1/2: [Errno 60] Operation timed out
    ⚠ …7558144146  metadata retry 1/2: [Errno 60] Operation timed out
    ⚠ …5606638289  metadata retry 1/2: [Errno 60] Operation timed out
  ✓ …8530054509  in_sync
  ✓ …9680298168  in_sync
  ✓ …8645614190  in_sync
  ✓ …1487591675  in_sync
  ✓ …7558144146  in_sync
  ✓ …2085687526  in_sync
  ✓ …5097815847  in_sync
  ✓ …6327189247  in_sync
  ✓ …5964128720  in_sync
  ✓ …1105954154  in_sync
  ✓ …0075333873  in_sync
  ✓ …9764326296  in_sync
  ✓ …1025530431  in_sync
  ✓ …7097099510  in_sync
  ✓ …2648238513  in_sync
  ✓ …5375908000  in_sync
  ✓ …3645949792  in_sync
  ✓ …1639866958  in_sync
  ✓ …9578832718  in_sync
  ✓ …3794423656  in_sync
  ✓ …3370471097  in_sync
  ✓ …1960000040  in_sync
  ✓ …6911297726  in_sync
  ✓ …9565972745  in_sync
  ✓ …5606638289  in_sync
  ✓ …4615655422  in_sync
  ✓ …8569218368  in_sync
  ✓ …8849257827  in_sync
  ✓ …7190118337  in_sync
  ✓ …3795184056  in_sync
  ✓ …3432344885  in_sync
  ✓ …9294958710  in_sync
  ✓ …8338826922  in_sync
  ✓ …9884482871  in_sync
  ✓ …3525500316  in_sync
  ✓ …4833367291  in_sync
  ✓ …8291438889  in_sync
  ✓ …5371197760  in_sync
  ✓ …1672462290  in_sync
  ✓ …9861909814  in_sync
  ✓ …3123169708  in_sync
  ✓ …0486515079  in_sync
  ✓ …2493800209  in_sync
  ✓ …2283591054  in_sync
  ✓ …0659915681  in_sync
  ✓ …4011335202  in_sync
  ✓ …4124033585  in_sync
  ✓ …1113126884  in_sync
  ✓ …0453254087  in_sync
  ✓ …2265393801  in_sync
  · Batch done — 200/230 tokens
    ⚠ …2420793517  bscscan retry 1/2: The read operation timed out
  ✓ …2115264288  in_sync
  ✓ …5597809944  in_sync
  ✓ …4413637832  in_sync
  ✓ …8139766142  in_sync
  ✓ …5909205418  in_sync
  ✓ …4007816963  in_sync
  ✓ …8152376356  in_sync
  ✓ …1060591073  in_sync
  ✓ …9616780693  in_sync
  ✓ …1734346225  in_sync
  ✓ …3371403419  in_sync
  ✓ …5714912822  in_sync
  ✓ …8363184166  in_sync
  ✓ …4199132057  in_sync
  ✓ …9434591881  in_sync
  ✓ …1915983696  in_sync
  ✓ …4246133548  in_sync
  ✓ …6427356568  in_sync
  ✓ …2420793517  in_sync
  ✓ …4400516801  in_sync
  ✓ …6279027831  in_sync
  ✓ …8948621302  in_sync
  ✓ …0903870868  in_sync
  ✓ …3915880128  in_sync
  ✓ …5974998871  in_sync
  ✓ …0868177894  in_sync
  ✓ …1300330000  in_sync
  ✓ …4495309997  in_sync
  ✓ …5381383938  in_sync
  ✓ …9505061142  in_sync
  · Batch done — 230/230 tokens

── Crawl results ───────────────────────
  in_sync            230
  out_of_sync        0
  errors             0
  Progress file      progress.json
  Report file        report.json
  Report contents    0 out_of_sync, 0 errors

── Step 5: Refresh out-of-sync + crawl-error tokens (Selenium) 
  Out-of-sync        0
  To refresh         0
  Accounts needed    0
  ✓ Nothing to refresh

══════════════════════════════════════════════════
  Workflow complete
══════════════════════════════════════════════════
=== exit 0 at 2026-09-10 16:50:42.012837 ===
