=== refresh run: 2026-09-05 00:11:24.333494 ===
repo=/Users/jasmine/refresh
python=/Applications/Xcode.app/Contents/Developer/usr/bin/python3 (3.9.6)
args=<full pipeline>

══════════════════════════════════════════════════
  BscScan Metadata Workflow
══════════════════════════════════════════════════

── Step 1: Update tokens.csv from Google Sheet ─────

  ▸ Fetch shared token sheet (CSV export)
  ✓ Pulled 300 token ids from sheet 1OgtsuOP2eKQays_mWAzVK2eRoQKP1QYVRsquGOafH7w (gid=0)

── Run inputs ──────────────────────────
  Tokens in CSV      300

── Step 2: Ensure starting crawl cookie (account 1) 
  Account pool       refresh1
  · Re-logging in 1 account(s) via Selenium (steps 1→2→3)
  · First tokenId  100856110441161436786950239498644820491042339031343429554372120938562005791435  (from tokens.csv)
  · [1/1] refresh1
  · Chrome profile  /Users/jasmine/.refresh/chrome-bscscan/profiles/refresh1  (Default)
  · Chrome version_main  152
  · Step 1/3  Selenium login  refresh1
  · Login attempt 1/3  refresh1
  · Login page open  https://bscscan.com/login
  ✓ Filled username/password for refresh1
  · Waiting for Turnstile (complete captcha in browser if shown)...
  ✓ Turnstile completed
  · Clicking LOGIN...
  ✓ Logged in as refresh1
  ✓ Login successful  refresh1
  · Step 2/3  Open first token NFT page  …2005791435
  ·            https://bscscan.com/nft/0xF8646A3Ca093e97Bb404c3b25e675C0394DD5b30/100856110441161436786950239498644820491042339031343429554372120938562005791435
  ✓ NFT page loaded  …2005791435
  · Step 3/3  Capture cookie + userAgent  refresh1
  ✓ Captured  10 cookies  cf_clearance=True  session=True
  ✓ Saved to account state  refresh1

── Step 3: Reset compare output files ──────────────
  ✓ Progress reset: progress.json
  ✓ Report reset:   report.json

── Step 4: Crawl — compare BscScan vs on-chain metadata 

  ▸ crawl/compare.py

── Step 5: Refresh out-of-sync + crawl-error tokens (Selenium) 
  Out-of-sync        187
  Crawl errors       1
  To refresh         188
  Accounts needed    2
  Account pool       refresh1,refresh2,refresh3,refresh4,refresh5,refresh6,refresh7,refresh8,refresh9,refresh10,refresh11,refresh12,refresh13,refresh14,refresh15,refresh16,refresh17,refresh18,refresh19,refresh20

  ▸ refresh-metadata/refresh.py
=== exit 1 at 2026-09-05 00:45:35.677959 ===
