=== refresh daily run: Sun Aug 23 18:30:04 HKT 2026 ===
repo=/Users/admin/refresh-metadata/refresh-metadata-tool
python=/usr/bin/python3 (Python 3.9.6)
args=<full pipeline>
/Users/admin/Library/Python/3.9/lib/python/site-packages/urllib3/__init__.py:35: NotOpenSSLWarning: urllib3 v2 only supports OpenSSL 1.1.1+, currently the 'ssl' module is compiled with 'LibreSSL 2.8.3'. See: https://github.com/urllib3/urllib3/issues/3020
  warnings.warn(

══════════════════════════════════════════════════
  BscScan Metadata Workflow
══════════════════════════════════════════════════

── Step 1: Update tokens.csv from Google Sheet ─────

  ▸ Fetch shared token sheet (CSV export)
  ✓ Pulled 3 token ids from sheet 1OgtsuOP2eKQays_mWAzVK2eRoQKP1QYVRsquGOafH7w (gid=0)

── Run inputs ──────────────────────────
  Tokens in CSV      3

── Step 2: Ensure starting crawl cookie (account 1) 
  Account pool       refresh1
  · Re-logging in 1 account(s) via Selenium (steps 1→2→3)
  · First tokenId  59570879982477247418074508642141071130924411350976550519761637253061322150157  (from tokens.csv)
  · [1/1] refresh1
  · Chrome profile  /Users/admin/.refresh/chrome-bscscan/profiles/refresh1  (Default)
  · Chrome version_main  151
  · Step 1/3  Selenium login  refresh1
  · Login attempt 1/5  refresh1
  · Login page open  https://bscscan.com/login
  ✓ Filled username/password for refresh1
  · Waiting for Turnstile (complete captcha in browser if shown)...
  ✓ Turnstile completed
  · Clicking LOGIN...
  ✓ Logged in as refresh1
  ✓ Login successful  refresh1
  · Step 2/3  Open first token NFT page  …1322150157
  ·            https://bscscan.com/nft/0xF8646A3Ca093e97Bb404c3b25e675C0394DD5b30/59570879982477247418074508642141071130924411350976550519761637253061322150157
  ✓ NFT page loaded  …1322150157
  · Step 3/3  Capture cookie + userAgent  refresh1
  ✓ Captured  10 cookies  cf_clearance=True  session=True
  ✓ Saved to account state  refresh1

── Step 3: Reset compare output files ──────────────
  ✓ Progress reset: progress.json
  ✓ Report reset:   report.json

── Step 4: Crawl — compare BscScan vs on-chain metadata 

  ▸ crawl/compare.py
/Users/admin/Library/Python/3.9/lib/python/site-packages/urllib3/__init__.py:35: NotOpenSSLWarning: urllib3 v2 only supports OpenSSL 1.1.1+, currently the 'ssl' module is compiled with 'LibreSSL 2.8.3'. See: https://github.com/urllib3/urllib3/issues/3020
  warnings.warn(

══════════════════════════════════════════════════
  Crawl — BscScan vs on-chain metadata
══════════════════════════════════════════════════
  Account pool       refresh1, refresh2, refresh3, refresh4, refresh5, refresh6, refresh7, refresh8, refresh9, refresh10, refresh11, refresh12, refresh13, refresh14, refresh15, refresh16, refresh17, refresh18, refresh19, refresh20
  Active account     refresh1

── Run config ──────────────────────────
  Total tokens       3
  Already done       0
  Remaining          3
  Concurrency        10
  RPC                https://bsc-dataseed.binance.org
  ✗ …1322150157  BSCScan page missing properties (throttled?)
  ✗ …7102816173  BSCScan page missing properties (throttled?)
  ✗ …8806647692  HTTP Error 429: Too Many Requests
  · Batch done — 3/3 tokens

── Crawl results ───────────────────────
  in_sync            0
  out_of_sync        0
  errors             3
  Progress file      progress.json
  Report file        report.json
  Report contents    0 out_of_sync, 3 errors

── Step 5: Refresh out-of-sync + crawl-error tokens (Selenium) 
  Out-of-sync        0
  Crawl errors       3
  To refresh         3
  Accounts needed    1
  Account pool       refresh1,refresh2,refresh3,refresh4,refresh5,refresh6,refresh7,refresh8,refresh9,refresh10,refresh11,refresh12,refresh13,refresh14,refresh15,refresh16,refresh17,refresh18,refresh19,refresh20

  ▸ refresh-metadata/refresh.py
/Users/admin/Library/Python/3.9/lib/python/site-packages/urllib3/__init__.py:35: NotOpenSSLWarning: urllib3 v2 only supports OpenSSL 1.1.1+, currently the 'ssl' module is compiled with 'LibreSSL 2.8.3'. See: https://github.com/urllib3/urllib3/issues/3020
  warnings.warn(

══════════════════════════════════════════════════
  Refresh — Selenium
══════════════════════════════════════════════════

── Run config ──────────────────────────
  Source             report.json
  Out-of-sync        0
  Crawl errors       3
  Tokens             3
  Limit per account  100 tokens
  Delay              5.0s between tokens
  Account pool       refresh1, refresh2, refresh3, refresh4, refresh5, refresh6, refresh7, refresh8, refresh9, refresh10, refresh11, refresh12, refresh13, refresh14, refresh15, refresh16, refresh17, refresh18, refresh19, refresh20
  Active account     refresh1

── Refresh quota (today) ───────────────
  refresh1           100/100 left (used 0, since not started)
  refresh2           100/100 left (used 0, since not started)
  refresh3           100/100 left (used 0, since not started)
  refresh4           100/100 left (used 0, since not started)
  refresh5           100/100 left (used 0, since not started)
  refresh6           100/100 left (used 0, since not started)
  refresh7           100/100 left (used 0, since not started)
  refresh8           100/100 left (used 0, since not started)
  refresh9           100/100 left (used 0, since not started)
  refresh10          100/100 left (used 0, since not started)
  refresh11          100/100 left (used 0, since not started)
  refresh12          100/100 left (used 0, since not started)
  refresh13          100/100 left (used 0, since not started)
  refresh14          100/100 left (used 0, since not started)
  refresh15          100/100 left (used 0, since not started)
  refresh16          100/100 left (used 0, since not started)
  refresh17          100/100 left (used 0, since not started)
  refresh18          100/100 left (used 0, since not started)
  refresh19          100/100 left (used 0, since not started)
  refresh20          100/100 left (used 0, since not started)
  · Chrome profile  /Users/admin/.refresh/chrome-bscscan/profiles/refresh1  (Default)
  · Chrome version_main  151
  · Checking Chrome profile session for refresh1
  ⚠ Saved session unavailable for refresh1 — full login required
  · Logging in  refresh1
  · Step 1/3  Selenium login  refresh1
  · Login attempt 1/5  refresh1
  · Login page open  https://bscscan.com/login
  ✓ Filled username/password for refresh1
  · Waiting for Turnstile (complete captcha in browser if shown)...
  ✓ Turnstile completed
  · Clicking LOGIN...
  ✓ Logged in as refresh1
  ✓ Login successful  refresh1
  · Step 2/3  Open first token NFT page  …1322150157
  ·            https://bscscan.com/nft/0xF8646A3Ca093e97Bb404c3b25e675C0394DD5b30/59570879982477247418074508642141071130924411350976550519761637253061322150157
  ✓ NFT page loaded  …1322150157
  ✓ Session ready  refresh1  (100/100 left, started 2026-08-23T10:31:28Z)
  · Refreshing …1322150157  (1/3)  (account: refresh1)
  ✓ …1322150157  refresh clicked
  Quota              99/100 remaining for refresh1
  · Refreshing …7102816173  (2/3)  (account: refresh1)
  ✓ …7102816173  refresh clicked
  Quota              98/100 remaining for refresh1
  · Refreshing …8806647692  (3/3)  (account: refresh1)
  ✓ …8806647692  refresh clicked
  Quota              97/100 remaining for refresh1

── Refresh results ─────────────────────
  Succeeded          3
  Failed             0
  Total              3

══════════════════════════════════════════════════
  Workflow complete
══════════════════════════════════════════════════
=== exit 0 at Sun Aug 23 18:32:06 HKT 2026 ===
=== git push log: Sun Aug 23 18:32:06 HKT 2026 ===
